Component: Arm Compiler for Embedded 6.22 Tool: armlink [5ee90200]

==============================================================================

Section Cross References

    startup_stm32f103xe.o(STACK) refers (Special) to heapauxi.o(.text) for __use_two_region_memory
    startup_stm32f103xe.o(HEAP) refers (Special) to heapauxi.o(.text) for __use_two_region_memory
    startup_stm32f103xe.o(RESET) refers (Special) to heapauxi.o(.text) for __use_two_region_memory
    startup_stm32f103xe.o(RESET) refers to startup_stm32f103xe.o(STACK) for __initial_sp
    startup_stm32f103xe.o(RESET) refers to startup_stm32f103xe.o(.text) for Reset_Handler
    startup_stm32f103xe.o(RESET) refers to stm32f1xx_it.o(.text.NMI_Handler) for NMI_Handler
    startup_stm32f103xe.o(RESET) refers to stm32f1xx_it.o(.text.HardFault_Handler) for HardFault_Handler
    startup_stm32f103xe.o(RESET) refers to stm32f1xx_it.o(.text.MemManage_Handler) for MemManage_Handler
    startup_stm32f103xe.o(RESET) refers to stm32f1xx_it.o(.text.BusFault_Handler) for BusFault_Handler
    startup_stm32f103xe.o(RESET) refers to stm32f1xx_it.o(.text.UsageFault_Handler) for UsageFault_Handler
    startup_stm32f103xe.o(RESET) refers to stm32f1xx_it.o(.text.SVC_Handler) for SVC_Handler
    startup_stm32f103xe.o(RESET) refers to stm32f1xx_it.o(.text.DebugMon_Handler) for DebugMon_Handler
    startup_stm32f103xe.o(RESET) refers to stm32f1xx_it.o(.text.PendSV_Handler) for PendSV_Handler
    startup_stm32f103xe.o(RESET) refers to stm32f1xx_it.o(.text.SysTick_Handler) for SysTick_Handler
    startup_stm32f103xe.o(RESET) refers to wdg.o(.text.WWDG_IRQHandler) for WWDG_IRQHandler
    startup_stm32f103xe.o(RESET) refers to rtc.o(.text.RTC_IRQHandler) for RTC_IRQHandler
    startup_stm32f103xe.o(RESET) refers to exti.o(.text.EXTI0_IRQHandler) for EXTI0_IRQHandler
    startup_stm32f103xe.o(RESET) refers to exti.o(.text.EXTI3_IRQHandler) for EXTI3_IRQHandler
    startup_stm32f103xe.o(RESET) refers to exti.o(.text.EXTI4_IRQHandler) for EXTI4_IRQHandler
    startup_stm32f103xe.o(RESET) refers to dma.o(.text.DMA1_Channel4_IRQHandler) for DMA1_Channel4_IRQHandler
    startup_stm32f103xe.o(RESET) refers to gtim.o(.text.TIM2_IRQHandler) for TIM2_IRQHandler
    startup_stm32f103xe.o(RESET) refers to gtim.o(.text.TIM3_IRQHandler) for TIM3_IRQHandler
    startup_stm32f103xe.o(RESET) refers to usart.o(.text.USART1_IRQHandler) for USART1_IRQHandler
    startup_stm32f103xe.o(RESET) refers to atim.o(.text.TIM8_UP_IRQHandler) for TIM8_UP_IRQHandler
    startup_stm32f103xe.o(RESET) refers to atim.o(.text.TIM8_CC_IRQHandler) for TIM8_CC_IRQHandler
    startup_stm32f103xe.o(RESET) refers to gtim.o(.text.TIM5_IRQHandler) for TIM5_IRQHandler
    startup_stm32f103xe.o(RESET) refers to btim.o(.text.TIM6_IRQHandler) for TIM6_IRQHandler
    startup_stm32f103xe.o(RESET) refers to btim.o(.text.TIM7_IRQHandler) for TIM7_IRQHandler
    startup_stm32f103xe.o(.text) refers (Special) to heapauxi.o(.text) for __use_two_region_memory
    startup_stm32f103xe.o(.text) refers to system_stm32f1xx.o(.text.SystemInit) for SystemInit
    startup_stm32f103xe.o(.text) refers to __main.o(!!!main) for __main
    startup_stm32f103xe.o(.text) refers to startup_stm32f103xe.o(HEAP) for Heap_Mem
    startup_stm32f103xe.o(.text) refers to startup_stm32f103xe.o(STACK) for Stack_Mem
    stm32f1xx_it.o(.ARM.exidx.text.NMI_Handler) refers to stm32f1xx_it.o(.text.NMI_Handler) for [Anonymous Symbol]
    stm32f1xx_it.o(.ARM.exidx.text.HardFault_Handler) refers to stm32f1xx_it.o(.text.HardFault_Handler) for [Anonymous Symbol]
    stm32f1xx_it.o(.ARM.exidx.text.MemManage_Handler) refers to stm32f1xx_it.o(.text.MemManage_Handler) for [Anonymous Symbol]
    stm32f1xx_it.o(.ARM.exidx.text.BusFault_Handler) refers to stm32f1xx_it.o(.text.BusFault_Handler) for [Anonymous Symbol]
    stm32f1xx_it.o(.ARM.exidx.text.UsageFault_Handler) refers to stm32f1xx_it.o(.text.UsageFault_Handler) for [Anonymous Symbol]
    stm32f1xx_it.o(.ARM.exidx.text.SVC_Handler) refers to stm32f1xx_it.o(.text.SVC_Handler) for [Anonymous Symbol]
    stm32f1xx_it.o(.ARM.exidx.text.DebugMon_Handler) refers to stm32f1xx_it.o(.text.DebugMon_Handler) for [Anonymous Symbol]
    stm32f1xx_it.o(.ARM.exidx.text.PendSV_Handler) refers to stm32f1xx_it.o(.text.PendSV_Handler) for [Anonymous Symbol]
    stm32f1xx_it.o(.text.SysTick_Handler) refers to stm32f1xx_hal.o(.text.HAL_IncTick) for HAL_IncTick
    stm32f1xx_it.o(.ARM.exidx.text.SysTick_Handler) refers to stm32f1xx_it.o(.text.SysTick_Handler) for [Anonymous Symbol]
    main.o(.text) refers (Special) to _printf_percent.o(.ARM.Collect$$_printf_percent$$00000000) for _printf_percent
    main.o(.text) refers (Special) to _printf_pad.o(.text) for _printf_pre_padding
    main.o(.text) refers (Special) to _printf_x.o(.ARM.Collect$$_printf_percent$$0000000C) for _printf_x
    main.o(.text) refers (Special) to _printf_hex_int_ll_ptr.o(.text) for _printf_longlong_hex
[...]
    stm32f1xx_hal_sram.c                     0x00000000   Number         0  stm32f1xx_hal_sram.o ABSOLUTE
    stm32f1xx_hal_tim.c                      0x00000000   Number         0  stm32f1xx_hal_tim.o ABSOLUTE
    stm32f1xx_hal_tim_ex.c                   0x00000000   Number         0  stm32f1xx_hal_tim_ex.o ABSOLUTE
    stm32f1xx_hal_uart.c                     0x00000000   Number         0  stm32f1xx_hal_uart.o ABSOLUTE
    stm32f1xx_hal_usart.c                    0x00000000   Number         0  stm32f1xx_hal_usart.o ABSOLUTE
    stm32f1xx_hal_wwdg.c                     0x00000000   Number         0  stm32f1xx_hal_wwdg.o ABSOLUTE
    stm32f1xx_it.c                           0x00000000   Number         0  stm32f1xx_it.o ABSOLUTE
    stm32f1xx_ll_fsmc.c                      0x00000000   Number         0  stm32f1xx_ll_fsmc.o ABSOLUTE
    stm32f1xx_ll_rtc.c                       0x00000000   Number         0  stm32f1xx_ll_rtc.o ABSOLUTE
    sys.c                                    0x00000000   Number         0  sys.o ABSOLUTE
    system_stm32f1xx.c                       0x00000000   Number         0  system_stm32f1xx.o ABSOLUTE
    usart.c                                  0x00000000   Number         0  usart.o ABSOLUTE
    wdg.c                                    0x00000000   Number         0  wdg.o ABSOLUTE
    RESET                                    0x08000000   Section      304  startup_stm32f103xe.o(RESET)
    !!!main                                  0x08000130   Section        8  __main.o(!!!main)
    !!!scatter                               0x08000138   Section       92  __scatter.o(!!!scatter)
    !!handler_copy                           0x08000194   Section       26  __scatter_copy.o(!!handler_copy)
    !!handler_null                           0x080001b0   Section        2  __scatter.o(!!handler_null)
    !!handler_zi                             0x080001b4   Section       28  __scatter_zi.o(!!handler_zi)
    .ARM.Collect$$_printf_percent$$00000000  0x080001d0   Section        0  _printf_percent.o(.ARM.Collect$$_printf_percent$$00000000)
    .ARM.Collect$$_printf_percent$$0000000C  0x080001d0   Section        6  _printf_x.o(.ARM.Collect$$_printf_percent$$0000000C)
    .ARM.Collect$$_printf_percent$$00000017  0x080001d6   Section        4  _printf_percent_end.o(.ARM.Collect$$_printf_percent$$00000017)
    .ARM.Collect$$libinit$$00000000          0x080001da   Section        2  libinit.o(.ARM.Collect$$libinit$$00000000)
    .ARM.Collect$$libinit$$00000002          0x080001dc   Section        0  libinit2.o(.ARM.Collect$$libinit$$00000002)
    .ARM.Collect$$libinit$$00000004          0x080001dc   Section        0  libinit2.o(.ARM.Collect$$libinit$$00000004)
    .ARM.Collect$$libinit$$00000006          0x080001dc   Section        0  libinit2.o(.ARM.Collect$$libinit$$00000006)
    .ARM.Collect$$libinit$$0000000C          0x080001dc   Section        0  libinit2.o(.ARM.Collect$$libinit$$0000000C)
    .ARM.Collect$$libinit$$0000000E          0x080001dc   Section        0  libinit2.o(.ARM.Collect$$libinit$$0000000E)
    .ARM.Collect$$libinit$$00000010          0x080001dc   Section        0  libinit2.o(.ARM.Collect$$libinit$$00000010)
    .ARM.Collect$$libinit$$00000013          0x080001dc   Section        0  libinit2.o(.ARM.Collect$$libinit$$00000013)
    .ARM.Collect$$libinit$$00000015          0x080001dc   Section        0  libinit2.o(.ARM.Collect$$libinit$$00000015)
    .ARM.Collect$$libinit$$00000017          0x080001dc   Section        0  libinit2.o(.ARM.Collect$$libinit$$00000017)
    .ARM.Collect$$libinit$$00000019          0x080001dc   Section        0  libinit2.o(.ARM.Collect$$libinit$$00000019)
    .ARM.Collect$$libinit$$0000001B          0x080001dc   Section        0  libinit2.o(.ARM.Collect$$libinit$$0000001B)
    .ARM.Collect$$libinit$$0000001D          0x080001dc   Section        0  libinit2.o(.ARM.Collect$$libinit$$0000001D)
    .ARM.Collect$$libinit$$0000001F          0x080001dc   Section        0  libinit2.o(.ARM.Collect$$libinit$$0000001F)
    .ARM.Collect$$libinit$$00000021          0x080001dc   Section        0  libinit2.o(.ARM.Collect$$libinit$$00000021)
    .ARM.Collect$$libinit$$00000023          0x080001dc   Section        0  libinit2.o(.ARM.Collect$$libinit$$00000023)
    .ARM.Collect$$libinit$$00000025          0x080001dc   Section        0  libinit2.o(.ARM.Collect$$libinit$$00000025)
    .ARM.Collect$$libinit$$00000027          0x080001dc   Section        0  libinit2.o(.ARM.Collect$$libinit$$00000027)
    .ARM.Collect$$libinit$$0000002E          0x080001dc   Section        0  libinit2.o(.ARM.Collect$$libinit$$0000002E)
    .ARM.Collect$$libinit$$00000030          0x080001dc   Section        0  libinit2.o(.ARM.Collect$$libinit$$00000030)
    .ARM.Collect$$libinit$$00000032          0x080001dc   Section        0  libinit2.o(.ARM.Collect$$libinit$$00000032)
    .ARM.Collect$$libinit$$00000034          0x080001dc   Section        0  libinit2.o(.ARM.Collect$$libinit$$00000034)
    .ARM.Collect$$libinit$$00000035          0x080001dc   Section        2  libinit2.o(.ARM.Collect$$libinit$$00000035)
    .ARM.Collect$$libshutdown$$00000000      0x080001de   Section        2  libshutdown.o(.ARM.Collect$$libshutdown$$00000000)
    .ARM.Collect$$libshutdown$$00000002      0x080001e0   Section        0  libshutdown2.o(.ARM.Collect$$libshutdown$$00000002)
    .ARM.Collect$$libshutdown$$00000004      0x080001e0   Section        0  libshutdown2.o(.ARM.Collect$$libshutdown$$00000004)
    .ARM.Collect$$libshutdown$$00000007      0x080001e0   Section        0  libshutdown2.o(.ARM.Collect$$libshutdown$$00000007)
    .ARM.Collect$$libshutdown$$0000000A      0x080001e0   Section        0  libshutdown2.o(.ARM.Collect$$libshutdown$$0000000A)
    .ARM.Collect$$libshutdown$$0000000C      0x080001e0   Section        0  libshutdown2.o(.ARM.Collect$$libshutdown$$0000000C)
    .ARM.Collect$$libshutdown$$0000000F      0x080001e0   Section        0  libshutdown2.o(.ARM.Collect$$libshutdown$$0000000F)
    .ARM.Collect$$libshutdown$$00000010      0x080001e0   Section        2  libshutdown2.o(.ARM.Collect$$libshutdown$$00000010)
    .ARM.Collect$$rtentry$$00000000          0x080001e2   Section        0  __rtentry.o(.ARM.Collect$$rtentry$$00000000)
    .ARM.Collect$$rtentry$$00000002          0x080001e2   Section        0  __rtentry2.o(.ARM.Collect$$rtentry$$00000002)
    .ARM.Collect$$rtentry$$00000004          0x080001e2   Section        6  __rtentry4.o(.ARM.Collect$$rtentry$$00000004)
    .ARM.Collect$$rtentry$$00000009          0x080001e8   Section        0  __rtentry2.o(.ARM.Collect$$rtentry$$00000009)
    .ARM.Collect$$rtentry$$0000000A          0x080001e8   Section        4  __rtentry2.o(.ARM.Collect$$rtentry$$0000000A)
    .ARM.Collect$$rtentry$$0000000C          0x080001ec   Section        0  __rtentry2.o(.ARM.Collect$$rtentry$$0000000C)
    .ARM.Collect$$rtentry$$0000000D          0x080001ec   Section        8  __rtentry2.o(.ARM.Collect$$rtentry$$0000000D)
    .ARM.Collect$$rtexit$$00000000           0x080001f4   Section        2  rtexit.o(.ARM.Collect$$rtexit$$00000000)
    .ARM.Collect$$rtexit$$00000002           0x080001f6   Section        0  rtexit2.o(.ARM.Collect$$rtexit$$00000002)
    .ARM.Collect$$rtexit$$00000003           0x080001f6   Section        4  rtexit2.o(.ARM.Collect$$rtexit$$00000003)
    .ARM.Collect$$rtexit$$00000004           0x080001fa   Section        6  rtexit2.o(.ARM.Collect$$rtexit$$00000004)
    .text                                    0x08000200   Section       64  startup_stm32f103xe.o(.text)
    .text                                    0x08000240   Section        2  use_no_semi_2.o(.text)
    .text                                    0x08000244   Section        0  __2sprintf.o(.text)
    .text                                    0x08000270   Section        0  _printf_pad.o(.text)
    _printf_hex_common                       0x080002c1   Thumb Code     0  _printf_hex_int_ll_ptr.o(.text)
    .text                                    0x080002c0   Section        0  _printf_hex_int_ll_ptr.o(.text)
    .text                                    0x08000354   Section        0  __printf_flags_ss_wp.o(.text)
    .text                                    0x080004dc   Section        0  puts.o(.text)
    .text                                    0x08000508   Section       78  rt_memclr_w.o(.text)
    .text                                    0x08000556   Section        0  heapauxi.o(.text)
    .text                                    0x0800055c   Section        2  use_no_semi.o(.text)
    .text                                    0x0800055e   Section        0  _printf_intcommon.o(.text)
    _printf_input_char                       0x08000611   Thumb Code    10  _printf_char_common.o(.text)
    .text                                    0x08000610   Section        0  _printf_char_common.o(.text)
    .text                                    0x08000640   Section        0  _sputc.o(.text)
    .text                                    0x0800064c   Section        8  libspace.o(.text)
    .text                                    0x08000654   Section       74  sys_stackheap_outer.o(.text)
    .text                                    0x0800069e   Section        0  exit.o(.text)
    [Anonymous Symbol]                       0x080006b0   Section        0  stm32f1xx_it.o(.text.BusFault_Handler)
    [Anonymous Symbol]                       0x080006b4   Section        0  dma.o(.text.DMA1_Channel4_IRQHandler)
    [Anonymous Symbol]                       0x080006d4   Section        0  stm32f1xx_it.o(.text.DebugMon_Handler)
    [Anonymous Symbol]                       0x080006d8   Section        0  exti.o(.text.EXTI0_IRQHandler)
    [Anonymous Symbol]                       0x08000714   Section        0  exti.o(.text.EXTI3_IRQHandler)
    [Anonymous Symbol]                       0x08000758   Section        0  exti.o(.text.EXTI4_IRQHandler)
    [Anonymous Symbol]                       0x080007a4   Section        0  stm32f1xx_ll_fsmc.o(.text.FSMC_NORSRAM_Extended_Timing_Init)
    [Anonymous Symbol]                       0x080007ec   Section        0  stm32f1xx_ll_fsmc.o(.text.FSMC_NORSRAM_Init)
    [Anonymous Symbol]                       0x08000874   Section        0  stm32f1xx_ll_fsmc.o(.text.FSMC_NORSRAM_Timing_Init)
    [Anonymous Symbol]                       0x080008b8   Section        0  stm32f1xx_hal_dma.o(.text.HAL_DMA_Abort_IT)
    [Anonymous Symbol]                       0x080009d8   Section        0  stm32f1xx_hal_dma.o(.text.HAL_DMA_IRQHandler)
    [Anonymous Symbol]                       0x08000c50   Section        0  exti.o(.text.HAL_GPIO_EXTI_Callback)
    [Anonymous Symbol]                       0x08000c54   Section        0  stm32f1xx_hal_gpio.o(.text.HAL_GPIO_EXTI_IRQHandler)
    [Anonymous Symbol]                       0x08000c6c   Section        0  stm32f1xx_hal_gpio.o(.text.HAL_GPIO_Init)
    [Anonymous Symbol]                       0x08000e48   Section        0  stm32f1xx_hal_gpio.o(.text.HAL_GPIO_ReadPin)
    [Anonymous Symbol]                       0x08000e54   Section        0  stm32f1xx_hal_gpio.o(.text.HAL_GPIO_TogglePin)
    [Anonymous Symbol]                       0x08000e64   Section        0  stm32f1xx_hal_gpio.o(.text.HAL_GPIO_WritePin)
    [Anonymous Symbol]                       0x08000e70   Section        0  stm32f1xx_hal.o(.text.HAL_GetTick)
    [Anonymous Symbol]                       0x08000e7c   Section        0  stm32f1xx_hal.o(.text.HAL_IncTick)
    [Anonymous Symbol]                       0x08000e98   Section        0  stm32f1xx_hal.o(.text.HAL_Init)
    [Anonymous Symbol]                       0x08000ec0   Section        0  stm32f1xx_hal.o(.text.HAL_InitTick)
    [Anonymous Symbol]                       0x08000f10   Section        0  stm32f1xx_hal.o(.text.HAL_MspInit)
    [Anonymous Symbol]                       0x08000f14   Section        0  stm32f1xx_hal_cortex.o(.text.HAL_NVIC_EnableIRQ)
    [Anonymous Symbol]                       0x08000f38   Section        0  stm32f1xx_hal_cortex.o(.text.HAL_NVIC_SetPriority)
    [Anonymous Symbol]                       0x08000f90   Section        0  stm32f1xx_hal_cortex.o(.text.HAL_NVIC_SetPriorityGrouping)
    [Anonymous Symbol]                       0x08000fb0   Section        0  stm32f1xx_hal_pwr.o(.text.HAL_PWR_EnableBkUpAccess)
    [Anonymous Symbol]                       0x08000fbc   Section        0  stm32f1xx_hal_rcc_ex.o(.text.HAL_RCCEx_GetPeriphCLKFreq)
    [Anonymous Symbol]                       0x080010cc   Section        0  stm32f1xx_hal_rcc_ex.o(.text.HAL_RCCEx_PeriphCLKConfig)
    [Anonymous Symbol]                       0x080011cc   Section        0  stm32f1xx_hal_rcc.o(.text.HAL_RCC_ClockConfig)
    [Anonymous Symbol]                       0x08001380   Section        0  stm32f1xx_hal_rcc.o(.text.HAL_RCC_GetPCLK1Freq)
    [Anonymous Symbol]                       0x080013a8   Section        0  stm32f1xx_hal_rcc.o(.text.HAL_RCC_GetPCLK2Freq)
    [Anonymous Symbol]                       0x080013d0   Section        0  stm32f1xx_hal_rcc.o(.text.HAL_RCC_GetSysClockFreq)
    [Anonymous Symbol]                       0x08001428   Section        0  stm32f1xx_hal_rcc.o(.text.HAL_RCC_OscConfig)
    [Anonymous Symbol]                       0x08001760   Section        0  stm32f1xx_hal_rtc_ex.o(.text.HAL_RTCEx_BKUPRead)
    [Anonymous Symbol]                       0x08001770   Section        0  stm32f1xx_hal_rtc_ex.o(.text.HAL_RTCEx_BKUPWrite)
    [Anonymous Symbol]                       0x08001780   Section        0  stm32f1xx_hal_rtc.o(.text.HAL_RTC_Init)
    [Anonymous Symbol]                       0x08001890   Section        0  rtc.o(.text.HAL_RTC_MspInit)
    [Anonymous Symbol]                       0x08001910   Section        0  stm32f1xx_hal_sram.o(.text.HAL_SRAM_Init)
    [Anonymous Symbol]                       0x0800197c   Section        0  lcd.o(.text.HAL_SRAM_MspInit)
    [Anonymous Symbol]                       0x080019fc   Section        0  stm32f1xx_hal_cortex.o(.text.HAL_SYSTICK_Config)
    [Anonymous Symbol]                       0x08001a28   Section        0  stm32f1xx_hal_tim_ex.o(.text.HAL_TIMEx_BreakCallback)
    [Anonymous Symbol]                       0x08001a2c   Section        0  stm32f1xx_hal_tim_ex.o(.text.HAL_TIMEx_CommutCallback)
    [Anonymous Symbol]                       0x08001a30   Section        0  stm32f1xx_hal_tim.o(.text.HAL_TIM_GenerateEvent)
    [Anonymous Symbol]                       0x08001a54   Section        0  gtim.o(.text.HAL_TIM_IC_CaptureCallback)
    [Anonymous Symbol]                       0x08001adc   Section        0  stm32f1xx_hal_tim.o(.text.HAL_TIM_IRQHandler)
    [Anonymous Symbol]                       0x08001c48   Section        0  stm32f1xx_hal_tim.o(.text.HAL_TIM_OC_DelayElapsedCallback)
    [Anonymous Symbol]                       0x08001c4c   Section        0  stm32f1xx_hal_tim.o(.text.HAL_TIM_PWM_PulseFinishedCallback)
    [Anonymous Symbol]                       0x08001c50   Section        0  gtim.o(.text.HAL_TIM_PeriodElapsedCallback)
    [Anonymous Symbol]                       0x08001cac   Section        0  stm32f1xx_hal_tim.o(.text.HAL_TIM_ReadCapturedValue)
    [Anonymous Symbol]                       0x08001cc4   Section        0  stm32f1xx_hal_tim.o(.text.HAL_TIM_TriggerCallback)
    [Anonymous Symbol]                       0x08001cc8   Section        0  stm32f1xx_hal_uart.o(.text.HAL_UART_ErrorCallback)
    [Anonymous Symbol]                       0x08001ccc   Section        0  stm32f1xx_hal_uart.o(.text.HAL_UART_IRQHandler)
    [Anonymous Symbol]                       0x08001e50   Section        0  stm32f1xx_hal_uart.o(.text.HAL_UART_Init)
    [Anonymous Symbol]                       0x08001f30   Section        0  usart.o(.text.HAL_UART_MspInit)
    [Anonymous Symbol]                       0x08001fcc   Section        0  stm32f1xx_hal_uart.o(.text.HAL_UART_Receive_IT)
    [Anonymous Symbol]                       0x08002020   Section        0  usart.o(.text.HAL_UART_RxCpltCallback)
    [Anonymous Symbol]                       0x0800209c   Section        0  stm32f1xx_hal_uart.o(.text.HAL_UART_TxCpltCallback)
    [Anonymous Symbol]                       0x080020a0   Section        0  wdg.o(.text.HAL_WWDG_EarlyWakeupCallback)
    [Anonymous Symbol]                       0x080020c4   Section        0  stm32f1xx_hal_wwdg.o(.text.HAL_WWDG_IRQHandler)
    [Anonymous Symbol]                       0x080020e0   Section        0  stm32f1xx_hal_wwdg.o(.text.HAL_WWDG_Refresh)
    [Anonymous Symbol]                       0x080020ec   Section        0  stm32f1xx_it.o(.text.HardFault_Handler)
    [Anonymous Symbol]                       0x080020f0   Section        0  stm32f1xx_it.o(.text.MemManage_Handler)
    [Anonymous Symbol]                       0x080020f4   Section        0  stm32f1xx_it.o(.text.NMI_Handler)
    [Anonymous Symbol]                       0x080020f8   Section        0  stm32f1xx_it.o(.text.PendSV_Handler)
    [Anonymous Symbol]                       0x080020fc   Section        0  rtc.o(.text.RTC_IRQHandler)
    [Anonymous Symbol]                       0x08002160   Section        0  stm32f1xx_it.o(.text.SVC_Handler)
    [Anonymous Symbol]                       0x08002164   Section        0  stm32f1xx_it.o(.text.SysTick_Handler)
    [Anonymous Symbol]                       0x08002168   Section        0  system_stm32f1xx.o(.text.SystemInit)
    [Anonymous Symbol]                       0x0800216c   Section        0  gtim.o(.text.TIM2_IRQHandler)
    [Anonymous Symbol]                       0x08002198   Section        0  gtim.o(.text.TIM3_IRQHandler)
    [Anonymous Symbol]                       0x080021a8   Section        0  gtim.o(.text.TIM5_IRQHandler)
    [Anonymous Symbol]                       0x080021b4   Section        0  btim.o(.text.TIM6_IRQHandler)
    [Anonymous Symbol]                       0x080021f8   Section        0  btim.o(.text.TIM7_IRQHandler)
    [Anonymous Symbol]                       0x0800223c   Section        0  atim.o(.text.TIM8_CC_IRQHandler)
    [Anonymous Symbol]                       0x080023c4   Section        0  atim.o(.text.TIM8_UP_IRQHandler)
    UART_DMAAbortOnError                     0x08002435   Thumb Code    12  stm32f1xx_hal_uart.o(.text.UART_DMAAbortOnError)
    [Anonymous Symbol]                       0x08002434   Section        0  stm32f1xx_hal_uart.o(.text.UART_DMAAbortOnError)
    UART_Receive_IT                          0x08002441   Thumb Code   124  stm32f1xx_hal_uart.o(.text.UART_Receive_IT)
    [Anonymous Symbol]                       0x08002440   Section        0  stm32f1xx_hal_uart.o(.text.UART_Receive_IT)
    [Anonymous Symbol]                       0x080024bc   Section        0  usart.o(.text.USART1_IRQHandler)
    [Anonymous Symbol]                       0x080024dc   Section        0  stm32f1xx_it.o(.text.UsageFault_Handler)
    [Anonymous Symbol]                       0x080024e0   Section        0  wdg.o(.text.WWDG_IRQHandler)
    [Anonymous Symbol]                       0x080024ec   Section        0  usart.o(.text._sys_exit)
    [Anonymous Symbol]                       0x080024f0   Section        0  beep.o(.text.beep_init)
    [Anonymous Symbol]                       0x08002540   Section        0  delay.o(.text.delay_init)
    [Anonymous Symbol]                       0x0800254c   Section        0  delay.o(.text.delay_ms)
    [Anonymous Symbol]                       0x08002590   Section        0  delay.o(.text.delay_us)
    [Anonymous Symbol]                       0x080025cc   Section        0  usart.o(.text.fputc)
    [Anonymous Symbol]                       0x080025e0   Section        0  key.o(.text.key_init)
    [Anonymous Symbol]                       0x08002678   Section        0  lcd.o(.text.lcd_clear)
    [Anonymous Symbol]                       0x080026b0   Section        0  lcd.o(.text.lcd_ex_ili9341_reginit)
    [Anonymous Symbol]                       0x08002dd4   Section        0  lcd.o(.text.lcd_ex_ili9806_reginit)
    [Anonymous Symbol]                       0x08003848   Section        0  lcd.o(.text.lcd_ex_nt35310_reginit)
    [Anonymous Symbol]                       0x0800676c   Section        0  lcd.o(.text.lcd_ex_nt35510_reginit)
    [Anonymous Symbol]                       0x0800751c   Section        0  lcd.o(.text.lcd_ex_ssd1963_reginit)
    [Anonymous Symbol]                       0x08007984   Section        0  lcd.o(.text.lcd_ex_st7789_reginit)
    [Anonymous Symbol]                       0x08007f04   Section        0  lcd.o(.text.lcd_ex_st7796_reginit)
    [Anonymous Symbol]                       0x080084e0   Section        0  lcd.o(.text.lcd_init)
    [Anonymous Symbol]                       0x08008ac4   Section        0  lcd.o(.text.lcd_scan_dir)
    [Anonymous Symbol]                       0x08008dac   Section        0  lcd.o(.text.lcd_set_cursor)
    [Anonymous Symbol]                       0x08009034   Section        0  led.o(.text.led_init)
    [Anonymous Symbol]                       0x080090ac   Section        0  main.o(.text.main)
    [Anonymous Symbol]                       0x08009140   Section        0  lcd.o(.text.my_lcd_show_image)
    [Anonymous Symbol]                       0x080091bc   Section        0  rtc.o(.text.rtc_get_time)
    [Anonymous Symbol]                       0x080093b8   Section        0  rtc.o(.text.rtc_init)
    [Anonymous Symbol]                       0x080094d4   Section        0  rtc.o(.text.rtc_set_alarm)
    [Anonymous Symbol]                       0x080095c8   Section        0  sys.o(.text.sys_intx_disable)
    [Anonymous Symbol]                       0x080095cc   Section        0  sys.o(.text.sys_intx_enable)
    [Anonymous Symbol]                       0x080095d0   Section        0  sys.o(.text.sys_stm32_clock_init)
    [Anonymous Symbol]                       0x0800962c   Section        0  usart.o(.text.usart_init)
    i._is_digit                              0x0800966a   Section        0  __printf_wp.o(i._is_digit)
    uc_hextab                                0x08009678   Data          20  _printf_hex_int_ll_ptr.o(.constdata)
    .constdata                               0x08009678   Section       40  _printf_hex_int_ll_ptr.o(.constdata)
    lc_hextab                                0x0800968c   Data          20  _printf_hex_int_ll_ptr.o(.constdata)
    maptable                                 0x080096a0   Data          17  __printf_flags_ss_wp.o(.constdata)
    .constdata                               0x080096a0   Section       17  __printf_flags_ss_wp.o(.constdata)
    .L__const.HAL_RCC_GetSysClockFreq.aPredivFactorTable 0x080096b1   Data           2  stm32f1xx_hal_rcc.o(.rodata..L__const.HAL_RCC_GetSysClockFreq.aPredivFactorTable)
    .Lswitch.table.lcd_scan_dir.1            0x080096b4   Data          14  lcd.o(.rodata..Lswitch.table.lcd_scan_dir.1)
    .L__const.HAL_RCC_GetSysClockFreq.aPLLMULFactorTable 0x080096da   Data          16  stm32f1xx_hal_rcc.o(.rodata.cst16)
    .bss                                     0x20000018   Section       96  libspace.o(.bss)
    atim_timx_pwmin_chy_process.sflag        0x200000d0   Data           1  atim.o(.bss.atim_timx_pwmin_chy_process.sflag)
    [Anonymous Symbol]                       0x200000d0   Section        0  atim.o(.bss.atim_timx_pwmin_chy_process.sflag)
    g_fac_us                                 0x20000128   Data           4  delay.o(.bss.g_fac_us)
    [Anonymous Symbol]                       0x20000128   Section        0  delay.o(.bss.g_fac_us)
    g_npwm_remain                            0x2000012c   Data           4  atim.o(.bss.g_npwm_remain)
    [Anonymous Symbol]                       0x2000012c   Section        0  atim.o(.bss.g_npwm_remain)
    rtc_get_time.daycnt                      0x200004c6   Data           2  rtc.o(.bss.rtc_get_time.daycnt)
    [Anonymous Symbol]                       0x200004c6   Section        0  rtc.o(.bss.rtc_get_time.daycnt)
    Heap_Mem                                 0x200004d0   Data         512  startup_stm32f103xe.o(HEAP)
    HEAP                                     0x200004d0   Section      512  startup_stm32f103xe.o(HEAP)
    Stack_Mem                                0x200006d0   Data        1024  startup_stm32f103xe.o(STACK)
    STACK                                    0x200006d0   Section     1024  startup_stm32f103xe.o(STACK)
    __initial_sp                             0x20000ad0   Data           0  startup_stm32f103xe.o(STACK)

    Global Symbols

    Symbol Name                              Value     Ov Type        Size  Object(Section)

    BuildAttributes$$THM_ISAv4$P$D$K$B$S$PE$A:L22UL41UL21$X:L11$S22US41US21$IEEE1$IW$~IW$USESV6$~STKCKD$USESV7$~SHL$OTIME$ROPI$IEEEX$EBA8$UX$STANDARDLIB$REQ8$PRES8$EABIv2 0x00000000   Number         0  anon$$obj.o ABSOLUTE
    __fp_init_empty                          0x00000000   Number         0  fpinit_empty.o ABSOLUTE
    _printf_flags                            0x00000000   Number         0  printf_stubs.o ABSOLUTE
    _printf_return_value                     0x00000000   Number         0  printf_stubs.o ABSOLUTE
    _printf_sizespec                         0x00000000   Number         0  printf_stubs.o ABSOLUTE
    _printf_widthprec                        0x00000000   Number         0  printf_stubs.o ABSOLUTE
    __ARM_exceptions_init                     - Undefined Weak Reference
    __alloca_initialize                       - Undefined Weak Reference
    __arm_preinit_                            - Undefined Weak Reference
    __arm_relocate_pie_                       - Undefined Weak Reference
    __cpp_initialize__aeabi_                  - Undefined Weak Reference
    __cxa_finalize                            - Undefined Weak Reference
    __sigvec_lookup                           - Undefined Weak Reference
    _atexit_init                              - Undefined Weak Reference
    _call_atexit_fns                          - Undefined Weak Reference
    _clock_init                               - Undefined Weak Reference
    _fp_trap_init                             - Undefined Weak Reference
    _fp_trap_shutdown                         - Undefined Weak Reference
    _get_lc_collate                           - Undefined Weak Reference
    _get_lc_monetary                          - Undefined Weak Reference
    _get_lc_time                              - Undefined Weak Reference
    _getenv_init                              - Undefined Weak Reference
    _handle_redirection                       - Undefined Weak Reference
    _init_alloc                               - Undefined Weak Reference
    _init_user_alloc                          - Undefined Weak Reference
    _initio                                   - Undefined Weak Reference
    _mutex_acquire                            - Undefined Weak Reference
    _mutex_release                            - Undefined Weak Reference
    _printf_mbtowc                            - Undefined Weak Reference
    _printf_wc                                - Undefined Weak Reference
    _signal_finish                            - Undefined Weak Reference
    _signal_init                              - Undefined Weak Reference
    _terminate_alloc                          - Undefined Weak Reference
    _terminate_user_alloc                     - Undefined Weak Reference
    _terminateio                              - Undefined Weak Reference
    __Vectors_Size                           0x00000130   Number         0  startup_stm32f103xe.o ABSOLUTE
    __Vectors                                0x08000000   Data           4  startup_stm32f103xe.o(RESET)
    __Vectors_End                            0x08000130   Data           0  startup_stm32f103xe.o(RESET)
    __main                                   0x08000131   Thumb Code     8  __main.o(!!!main)
    __scatterload                            0x08000139   Thumb Code     0  __scatter.o(!!!scatter)
    __scatterload_rt2                        0x08000139   Thumb Code    84  __scatter.o(!!!scatter)
    __scatterload_rt2_thumb_only             0x08000139   Thumb Code     0  __scatter.o(!!!scatter)
    __scatterload_loop                       0x08000143   Thumb Code     0  __scatter.o(!!!scatter)
    __scatterload_copy                       0x08000195   Thumb Code    26  __scatter_copy.o(!!handler_copy)
    __scatterload_null                       0x080001b1   Thumb Code     2  __scatter.o(!!handler_null)
    __scatterload_zeroinit                   0x080001b5   Thumb Code    28  __scatter_zi.o(!!handler_zi)
    _printf_percent                          0x080001d1   Thumb Code     0  _printf_percent.o(.ARM.Collect$$_printf_percent$$00000000)
    _printf_x                                0x080001d1   Thumb Code     0  _printf_x.o(.ARM.Collect$$_printf_percent$$0000000C)
    _printf_percent_end                      0x080001d7   Thumb Code     0  _printf_percent_end.o(.ARM.Collect$$_printf_percent$$00000017)
    __rt_lib_init                            0x080001db   Thumb Code     0  libinit.o(.ARM.Collect$$libinit$$00000000)
    __rt_lib_init_alloca_1                   0x080001dd   Thumb Code     0  libinit2.o(.ARM.Collect$$libinit$$00000030)
    __rt_lib_init_argv_1                     0x080001dd   Thumb Code     0  libinit2.o(.ARM.Collect$$libinit$$0000002E)
    __rt_lib_init_atexit_1                   0x080001dd   Thumb Code     0  libinit2.o(.ARM.Collect$$libinit$$0000001D)
    __rt_lib_init_clock_1                    0x080001dd   Thumb Code     0  libinit2.o(.ARM.Collect$$libinit$$00000023)
    __rt_lib_init_cpp_1                      0x080001dd   Thumb Code     0  libinit2.o(.ARM.Collect$$libinit$$00000034)
    __rt_lib_init_exceptions_1               0x080001dd   Thumb Code     0  libinit2.o(.ARM.Collect$$libinit$$00000032)
    __rt_lib_init_fp_1                       0x080001dd   Thumb Code     0  libinit2.o(.ARM.Collect$$libinit$$00000002)
    __rt_lib_init_fp_trap_1                  0x080001dd   Thumb Code     0  libinit2.o(.ARM.Collect$$libinit$$00000021)
    __rt_lib_init_getenv_1                   0x080001dd   Thumb Code     0  libinit2.o(.ARM.Collect$$libinit$$00000025)
    __rt_lib_init_heap_1                     0x080001dd   Thumb Code     0  libinit2.o(.ARM.Collect$$libinit$$0000000C)
    __rt_lib_init_lc_collate_1               0x080001dd   Thumb Code     0  libinit2.o(.ARM.Collect$$libinit$$00000013)
    __rt_lib_init_lc_ctype_1                 0x080001dd   Thumb Code     0  libinit2.o(.ARM.Collect$$libinit$$00000015)
    __rt_lib_init_lc_monetary_1              0x080001dd   Thumb Code     0  libinit2.o(.ARM.Collect$$libinit$$00000017)
    __rt_lib_init_lc_numeric_1               0x080001dd   Thumb Code     0  libinit2.o(.ARM.Collect$$libinit$$00000019)
    __rt_lib_init_lc_time_1                  0x080001dd   Thumb Code     0  libinit2.o(.ARM.Collect$$libinit$$0000001B)
    __rt_lib_init_preinit_1                  0x080001dd   Thumb Code     0  libinit2.o(.ARM.Collect$$libinit$$00000006)
    __rt_lib_init_rand_1                     0x080001dd   Thumb Code     0  libinit2.o(.ARM.Collect$$libinit$$00000010)
    __rt_lib_init_relocate_pie_1             0x080001dd   Thumb Code     0  libinit2.o(.ARM.Collect$$libinit$$00000004)
    __rt_lib_init_return                     0x080001dd   Thumb Code     0  libinit2.o(.ARM.Collect$$libinit$$00000035)
    __rt_lib_init_signal_1                   0x080001dd   Thumb Code     0  libinit2.o(.ARM.Collect$$libinit$$0000001F)
    __rt_lib_init_stdio_1                    0x080001dd   Thumb Code     0  libinit2.o(.ARM.Collect$$libinit$$00000027)
    __rt_lib_init_user_alloc_1               0x080001dd   Thumb Code     0  libinit2.o(.ARM.Collect$$libinit$$0000000E)
    __rt_lib_shutdown                        0x080001df   Thumb Code     0  libshutdown.o(.ARM.Collect$$libshutdown$$00000000)
    __rt_lib_shutdown_cpp_1                  0x080001e1   Thumb Code     0  libshutdown2.o(.ARM.Collect$$libshutdown$$00000002)
    __rt_lib_shutdown_fp_trap_1              0x080001e1   Thumb Code     0  libshutdown2.o(.ARM.Collect$$libshutdown$$00000007)
    __rt_lib_shutdown_heap_1                 0x080001e1   Thumb Code     0  libshutdown2.o(.ARM.Collect$$libshutdown$$0000000F)
    __rt_lib_shutdown_return                 0x080001e1   Thumb Code     0  libshutdown2.o(.ARM.Collect$$libshutdown$$00000010)
    __rt_lib_shutdown_signal_1               0x080001e1   Thumb Code     0  libshutdown2.o(.ARM.Collect$$libshutdown$$0000000A)
    __rt_lib_shutdown_stdio_1                0x080001e1   Thumb Code     0  libshutdown2.o(.ARM.Collect$$libshutdown$$00000004)
    __rt_lib_shutdown_user_alloc_1           0x080001e1   Thumb Code     0  libshutdown2.o(.ARM.Collect$$libshutdown$$0000000C)
    __rt_entry                               0x080001e3   Thumb Code     0  __rtentry.o(.ARM.Collect$$rtentry$$00000000)
    __rt_entry_presh_1                       0x080001e3   Thumb Code     0  __rtentry2.o(.ARM.Collect$$rtentry$$00000002)
    __rt_entry_sh                            0x080001e3   Thumb Code     0  __rtentry4.o(.ARM.Collect$$rtentry$$00000004)
    __rt_entry_li                            0x080001e9   Thumb Code     0  __rtentry2.o(.ARM.Collect$$rtentry$$0000000A)
    __rt_entry_postsh_1                      0x080001e9   Thumb Code     0  __rtentry2.o(.ARM.Collect$$rtentry$$00000009)
    __rt_entry_main                          0x080001ed   Thumb Code     0  __rtentry2.o(.ARM.Collect$$rtentry$$0000000D)
    __rt_entry_postli_1                      0x080001ed   Thumb Code     0  __rtentry2.o(.ARM.Collect$$rtentry$$0000000C)
    __rt_exit                                0x080001f5   Thumb Code     0  rtexit.o(.ARM.Collect$$rtexit$$00000000)
    __rt_exit_ls                             0x080001f7   Thumb Code     0  rtexit2.o(.ARM.Collect$$rtexit$$00000003)
    __rt_exit_prels_1                        0x080001f7   Thumb Code     0  rtexit2.o(.ARM.Collect$$rtexit$$00000002)
    __rt_exit_exit                           0x080001fb   Thumb Code     0  rtexit2.o(.ARM.Collect$$rtexit$$00000004)
    Reset_Handler                            0x08000201   Thumb Code     8  startup_stm32f103xe.o(.text)
    ADC1_2_IRQHandler                        0x0800021b   Thumb Code     0  startup_stm32f103xe.o(.text)
    ADC3_IRQHandler                          0x0800021b   Thumb Code     0  startup_stm32f103xe.o(.text)
    CAN1_RX1_IRQHandler                      0x0800021b   Thumb Code     0  startup_stm32f103xe.o(.text)
    CAN1_SCE_IRQHandler                      0x0800021b   Thumb Code     0  startup_stm32f103xe.o(.text)
    DMA1_Channel1_IRQHandler                 0x0800021b   Thumb Code     0  startup_stm32f103xe.o(.text)
    DMA1_Channel2_IRQHandler                 0x0800021b   Thumb Code     0  startup_stm32f103xe.o(.text)
    DMA1_Channel3_IRQHandler                 0x0800021b   Thumb Code     0  startup_stm32f103xe.o(.text)
    DMA1_Channel5_IRQHandler                 0x0800021b   Thumb Code     0  startup_stm32f103xe.o(.text)
    DMA1_Channel6_IRQHandler                 0x0800021b   Thumb Code     0  startup_stm32f103xe.o(.text)
    DMA1_Channel7_IRQHandler                 0x0800021b   Thumb Code     0  startup_stm32f103xe.o(.text)
    DMA2_Channel1_IRQHandler                 0x0800021b   Thumb Code     0  startup_stm32f103xe.o(.text)
    DMA2_Channel2_IRQHandler                 0x0800021b   Thumb Code     0  startup_stm32f103xe.o(.text)
    DMA2_Channel3_IRQHandler                 0x0800021b   Thumb Code     0  startup_stm32f103xe.o(.text)
    DMA2_Channel4_5_IRQHandler               0x0800021b   Thumb Code     0  startup_stm32f103xe.o(.text)
    EXTI15_10_IRQHandler                     0x0800021b   Thumb Code     0  startup_stm32f103xe.o(.text)
    EXTI1_IRQHandler                         0x0800021b   Thumb Code     0  startup_stm32f103xe.o(.text)
    EXTI2_IRQHandler                         0x0800021b   Thumb Code     0  startup_stm32f103xe.o(.text)
    EXTI9_5_IRQHandler                       0x0800021b   Thumb Code     0  startup_stm32f103xe.o(.text)
    FLASH_IRQHandler                         0x0800021b   Thumb Code     0  startup_stm32f103xe.o(.text)
    FSMC_IRQHandler                          0x0800021b   Thumb Code     0  startup_stm32f103xe.o(.text)
    I2C1_ER_IRQHandler                       0x0800021b   Thumb Code     0  startup_stm32f103xe.o(.text)
    I2C1_EV_IRQHandler                       0x0800021b   Thumb Code     0  startup_stm32f103xe.o(.text)
    I2C2_ER_IRQHandler                       0x0800021b   Thumb Code     0  startup_stm32f103xe.o(.text)
    I2C2_EV_IRQHandler                       0x0800021b   Thumb Code     0  startup_stm32f103xe.o(.text)
    PVD_IRQHandler                           0x0800021b   Thumb Code     0  startup_stm32f103xe.o(.text)
    RCC_IRQHandler                           0x0800021b   Thumb Code     0  startup_stm32f103xe.o(.text)
    RTC_Alarm_IRQHandler                     0x0800021b   Thumb Code     0  startup_stm32f103xe.o(.text)
    SDIO_IRQHandler                          0x0800021b   Thumb Code     0  startup_stm32f103xe.o(.text)
    SPI1_IRQHandler                          0x0800021b   Thumb Code     0  startup_stm32f103xe.o(.text)
    SPI2_IRQHandler                          0x0800021b   Thumb Code     0  startup_stm32f103xe.o(.text)
    SPI3_IRQHandler                          0x0800021b   Thumb Code     0  startup_stm32f103xe.o(.text)
    TAMPER_IRQHandler                        0x0800021b   Thumb Code     0  startup_stm32f103xe.o(.text)
    TIM1_BRK_IRQHandler                      0x0800021b   Thumb Code     0  startup_stm32f103xe.o(.text)
    TIM1_CC_IRQHandler                       0x0800021b   Thumb Code     0  startup_stm32f103xe.o(.text)
    TIM1_TRG_COM_IRQHandler                  0x0800021b   Thumb Code     0  startup_stm32f103xe.o(.text)
    TIM1_UP_IRQHandler                       0x0800021b   Thumb Code     0  startup_stm32f103xe.o(.text)
    TIM4_IRQHandler                          0x0800021b   Thumb Code     0  startup_stm32f103xe.o(.text)
    TIM8_BRK_IRQHandler                      0x0800021b   Thumb Code     0  startup_stm32f103xe.o(.text)
    TIM8_TRG_COM_IRQHandler                  0x0800021b   Thumb Code     0  startup_stm32f103xe.o(.text)
    UART4_IRQHandler                         0x0800021b   Thumb Code     0  startup_stm32f103xe.o(.text)
    UART5_IRQHandler                         0x0800021b   Thumb Code     0  startup_stm32f103xe.o(.text)
    USART2_IRQHandler                        0x0800021b   Thumb Code     0  startup_stm32f103xe.o(.text)
    USART3_IRQHandler                        0x0800021b   Thumb Code     0  startup_stm32f103xe.o(.text)
    USBWakeUp_IRQHandler                     0x0800021b   Thumb Code     0  startup_stm32f103xe.o(.text)
    USB_HP_CAN1_TX_IRQHandler                0x0800021b   Thumb Code     0  startup_stm32f103xe.o(.text)
    USB_LP_CAN1_RX0_IRQHandler               0x0800021b   Thumb Code     0  startup_stm32f103xe.o(.text)
    __user_initial_stackheap                 0x0800021d   Thumb Code     0  startup_stm32f103xe.o(.text)
    __use_no_semihosting                     0x08000241   Thumb Code     2  use_no_semi_2.o(.text)
    __2sprintf                               0x08000245   Thumb Code    38  __2sprintf.o(.text)
    _printf_pre_padding                      0x08000271   Thumb Code    44  _printf_pad.o(.text)
    _printf_post_padding                     0x0800029d   Thumb Code    34  _printf_pad.o(.text)
    _printf_longlong_hex                     0x080002c1   Thumb Code    86  _printf_hex_int_ll_ptr.o(.text)
    _printf_int_hex                          0x08000317   Thumb Code    28  _printf_hex_int_ll_ptr.o(.text)
    _printf_ll_hex                           0x08000333   Thumb Code    12  _printf_hex_int_ll_ptr.o(.text)
    _printf_hex_ptr                          0x0800033f   Thumb Code    18  _printf_hex_int_ll_ptr.o(.text)
    __printf                                 0x08000355   Thumb Code   388  __printf_flags_ss_wp.o(.text)
    puts                                     0x080004dd   Thumb Code    40  puts.o(.text)
    __aeabi_memclr4                          0x08000509   Thumb Code     0  rt_memclr_w.o(.text)
    __aeabi_memclr8                          0x08000509   Thumb Code     0  rt_memclr_w.o(.text)
    __rt_memclr_w                            0x08000509   Thumb Code     0  rt_memclr_w.o(.text)
    _memset_w                                0x0800050d   Thumb Code    74  rt_memclr_w.o(.text)
    __use_two_region_memory                  0x08000557   Thumb Code     2  heapauxi.o(.text)
    __rt_heap_escrow$2region                 0x08000559   Thumb Code     2  heapauxi.o(.text)
    __rt_heap_expand$2region                 0x0800055b   Thumb Code     2  heapauxi.o(.text)
    __semihosting$guard                      0x0800055d   Thumb Code     0  use_no_semi.o(.text)
    __use_no_semihosting_swi                 0x0800055d   Thumb Code     2  use_no_semi.o(.text)
    _printf_int_common                       0x0800055f   Thumb Code   178  _printf_intcommon.o(.text)
    _printf_char_common                      0x0800061b   Thumb Code    32  _printf_char_common.o(.text)
    _sputc                                   0x08000641   Thumb Code    10  _sputc.o(.text)
    __user_libspace                          0x0800064d   Thumb Code     8  libspace.o(.text)
    __user_perproc_libspace                  0x0800064d   Thumb Code     0  libspace.o(.text)
    __user_perthread_libspace                0x0800064d   Thumb Code     0  libspace.o(.text)
    __user_setup_stackheap                   0x08000655   Thumb Code    74  sys_stackheap_outer.o(.text)
    exit                                     0x0800069f   Thumb Code    18  exit.o(.text)
    BusFault_Handler                         0x080006b1   Thumb Code     2  stm32f1xx_it.o(.text.BusFault_Handler)
    DMA1_Channel4_IRQHandler                 0x080006b5   Thumb Code    24  dma.o(.text.DMA1_Channel4_IRQHandler)
    DebugMon_Handler                         0x080006d5   Thumb Code     2  stm32f1xx_it.o(.text.DebugMon_Handler)
    EXTI0_IRQHandler                         0x080006d9   Thumb Code    58  exti.o(.text.EXTI0_IRQHandler)
    EXTI3_IRQHandler                         0x08000715   Thumb Code    68  exti.o(.text.EXTI3_IRQHandler)
    EXTI4_IRQHandler                         0x08000759   Thumb Code    76  exti.o(.text.EXTI4_IRQHandler)
    FSMC_NORSRAM_Extended_Timing_Init        0x080007a5   Thumb Code    72  stm32f1xx_ll_fsmc.o(.text.FSMC_NORSRAM_Extended_Timing_Init)
    FSMC_NORSRAM_Init                        0x080007ed   Thumb Code   134  stm32f1xx_ll_fsmc.o(.text.FSMC_NORSRAM_Init)
    FSMC_NORSRAM_Timing_Init                 0x08000875   Thumb Code    68  stm32f1xx_ll_fsmc.o(.text.FSMC_NORSRAM_Timing_Init)
    HAL_DMA_Abort_IT                         0x080008b9   Thumb Code   288  stm32f1xx_hal_dma.o(.text.HAL_DMA_Abort_IT)
    HAL_DMA_IRQHandler                       0x080009d9   Thumb Code   630  stm32f1xx_hal_dma.o(.text.HAL_DMA_IRQHandler)
    HAL_GPIO_EXTI_Callback                   0x08000c51   Thumb Code     2  exti.o(.text.HAL_GPIO_EXTI_Callback)
    HAL_GPIO_EXTI_IRQHandler                 0x08000c55   Thumb Code    22  stm32f1xx_hal_gpio.o(.text.HAL_GPIO_EXTI_IRQHandler)
    HAL_GPIO_Init                            0x08000c6d   Thumb Code   474  stm32f1xx_hal_gpio.o(.text.HAL_GPIO_Init)
    HAL_GPIO_ReadPin                         0x08000e49   Thumb Code    10  stm32f1xx_hal_gpio.o(.text.HAL_GPIO_ReadPin)
    HAL_GPIO_TogglePin                       0x08000e55   Thumb Code    16  stm32f1xx_hal_gpio.o(.text.HAL_GPIO_TogglePin)
    HAL_GPIO_WritePin                        0x08000e65   Thumb Code    10  stm32f1xx_hal_gpio.o(.text.HAL_GPIO_WritePin)
    HAL_GetTick                              0x08000e71   Thumb Code    12  stm32f1xx_hal.o(.text.HAL_GetTick)
    HAL_IncTick                              0x08000e7d   Thumb Code    26  stm32f1xx_hal.o(.text.HAL_IncTick)
    HAL_Init                                 0x08000e99   Thumb Code    38  stm32f1xx_hal.o(.text.HAL_Init)
    HAL_InitTick                             0x08000ec1   Thumb Code    80  stm32f1xx_hal.o(.text.HAL_InitTick)
    HAL_MspInit                              0x08000f11   Thumb Code     2  stm32f1xx_hal.o(.text.HAL_MspInit)
    HAL_NVIC_EnableIRQ                       0x08000f15   Thumb Code    34  stm32f1xx_hal_cortex.o(.text.HAL_NVIC_EnableIRQ)
    HAL_NVIC_SetPriority                     0x08000f39   Thumb Code    86  stm32f1xx_hal_cortex.o(.text.HAL_NVIC_SetPriority)
    HAL_NVIC_SetPriorityGrouping             0x08000f91   Thumb Code    32  stm32f1xx_hal_cortex.o(.text.HAL_NVIC_SetPriorityGrouping)
    HAL_PWR_EnableBkUpAccess                 0x08000fb1   Thumb Code    12  stm32f1xx_hal_pwr.o(.text.HAL_PWR_EnableBkUpAccess)
    HAL_RCCEx_GetPeriphCLKFreq               0x08000fbd   Thumb Code   252  stm32f1xx_hal_rcc_ex.o(.text.HAL_RCCEx_GetPeriphCLKFreq)
    HAL_RCCEx_PeriphCLKConfig                0x080010cd   Thumb Code   254  stm32f1xx_hal_rcc_ex.o(.text.HAL_RCCEx_PeriphCLKConfig)
    HAL_RCC_ClockConfig                      0x080011cd   Thumb Code   434  stm32f1xx_hal_rcc.o(.text.HAL_RCC_ClockConfig)
    HAL_RCC_GetPCLK1Freq                     0x08001381   Thumb Code    38  stm32f1xx_hal_rcc.o(.text.HAL_RCC_GetPCLK1Freq)
    HAL_RCC_GetPCLK2Freq                     0x080013a9   Thumb Code    38  stm32f1xx_hal_rcc.o(.text.HAL_RCC_GetPCLK2Freq)
    HAL_RCC_GetSysClockFreq                  0x080013d1   Thumb Code    86  stm32f1xx_hal_rcc.o(.text.HAL_RCC_GetSysClockFreq)
    HAL_RCC_OscConfig                        0x08001429   Thumb Code   824  stm32f1xx_hal_rcc.o(.text.HAL_RCC_OscConfig)
    HAL_RTCEx_BKUPRead                       0x08001761   Thumb Code    16  stm32f1xx_hal_rtc_ex.o(.text.HAL_RTCEx_BKUPRead)
    HAL_RTCEx_BKUPWrite                      0x08001771   Thumb Code    16  stm32f1xx_hal_rtc_ex.o(.text.HAL_RTCEx_BKUPWrite)
    HAL_RTC_Init                             0x08001781   Thumb Code   270  stm32f1xx_hal_rtc.o(.text.HAL_RTC_Init)
    HAL_RTC_MspInit                          0x08001891   Thumb Code   128  rtc.o(.text.HAL_RTC_MspInit)
    HAL_SRAM_Init                            0x08001911   Thumb Code   108  stm32f1xx_hal_sram.o(.text.HAL_SRAM_Init)
    HAL_SRAM_MspInit                         0x0800197d   Thumb Code   128  lcd.o(.text.HAL_SRAM_MspInit)
    HAL_SYSTICK_Config                       0x080019fd   Thumb Code    44  stm32f1xx_hal_cortex.o(.text.HAL_SYSTICK_Config)
    HAL_TIMEx_BreakCallback                  0x08001a29   Thumb Code     2  stm32f1xx_hal_tim_ex.o(.text.HAL_TIMEx_BreakCallback)
    HAL_TIMEx_CommutCallback                 0x08001a2d   Thumb Code     2  stm32f1xx_hal_tim_ex.o(.text.HAL_TIMEx_CommutCallback)
    HAL_TIM_GenerateEvent                    0x08001a31   Thumb Code    36  stm32f1xx_hal_tim.o(.text.HAL_TIM_GenerateEvent)
    HAL_TIM_IC_CaptureCallback               0x08001a55   Thumb Code   136  gtim.o(.text.HAL_TIM_IC_CaptureCallback)
    HAL_TIM_IRQHandler                       0x08001add   Thumb Code   362  stm32f1xx_hal_tim.o(.text.HAL_TIM_IRQHandler)
    HAL_TIM_OC_DelayElapsedCallback          0x08001c49   Thumb Code     2  stm32f1xx_hal_tim.o(.text.HAL_TIM_OC_DelayElapsedCallback)
    HAL_TIM_PWM_PulseFinishedCallback        0x08001c4d   Thumb Code     2  stm32f1xx_hal_tim.o(.text.HAL_TIM_PWM_PulseFinishedCallback)
    HAL_TIM_PeriodElapsedCallback            0x08001c51   Thumb Code    92  gtim.o(.text.HAL_TIM_PeriodElapsedCallback)
    HAL_TIM_ReadCapturedValue                0x08001cad   Thumb Code    22  stm32f1xx_hal_tim.o(.text.HAL_TIM_ReadCapturedValue)
    HAL_TIM_TriggerCallback                  0x08001cc5   Thumb Code     2  stm32f1xx_hal_tim.o(.text.HAL_TIM_TriggerCallback)
    HAL_UART_ErrorCallback                   0x08001cc9   Thumb Code     2  stm32f1xx_hal_uart.o(.text.HAL_UART_ErrorCallback)
    HAL_UART_IRQHandler                      0x08001ccd   Thumb Code   386  stm32f1xx_hal_uart.o(.text.HAL_UART_IRQHandler)
    HAL_UART_Init                            0x08001e51   Thumb Code   222  stm32f1xx_hal_uart.o(.text.HAL_UART_Init)
    HAL_UART_MspInit                         0x08001f31   Thumb Code   154  usart.o(.text.HAL_UART_MspInit)
    HAL_UART_Receive_IT                      0x08001fcd   Thumb Code    84  stm32f1xx_hal_uart.o(.text.HAL_UART_Receive_IT)
    HAL_UART_RxCpltCallback                  0x08002021   Thumb Code   122  usart.o(.text.HAL_UART_RxCpltCallback)
    HAL_UART_TxCpltCallback                  0x0800209d   Thumb Code     2  stm32f1xx_hal_uart.o(.text.HAL_UART_TxCpltCallback)
    HAL_WWDG_EarlyWakeupCallback             0x080020a1   Thumb Code    34  wdg.o(.text.HAL_WWDG_EarlyWakeupCallback)
    HAL_WWDG_IRQHandler                      0x080020c5   Thumb Code    28  stm32f1xx_hal_wwdg.o(.text.HAL_WWDG_IRQHandler)
    HAL_WWDG_Refresh                         0x080020e1   Thumb Code    10  stm32f1xx_hal_wwdg.o(.text.HAL_WWDG_Refresh)
    HardFault_Handler                        0x080020ed   Thumb Code     2  stm32f1xx_it.o(.text.HardFault_Handler)
    MemManage_Handler                        0x080020f1   Thumb Code     2  stm32f1xx_it.o(.text.MemManage_Handler)
    NMI_Handler                              0x080020f5   Thumb Code     2  stm32f1xx_it.o(.text.NMI_Handler)
    PendSV_Handler                           0x080020f9   Thumb Code     2  stm32f1xx_it.o(.text.PendSV_Handler)
    RTC_IRQHandler                           0x080020fd   Thumb Code    98  rtc.o(.text.RTC_IRQHandler)
    SVC_Handler                              0x08002161   Thumb Code     2  stm32f1xx_it.o(.text.SVC_Handler)
    SysTick_Handler                          0x08002165   Thumb Code     4  stm32f1xx_it.o(.text.SysTick_Handler)
    SystemInit                               0x08002169   Thumb Code     2  system_stm32f1xx.o(.text.SystemInit)
    TIM2_IRQHandler                          0x0800216d   Thumb Code    44  gtim.o(.text.TIM2_IRQHandler)
    TIM3_IRQHandler                          0x08002199   Thumb Code    14  gtim.o(.text.TIM3_IRQHandler)
    TIM5_IRQHandler                          0x080021a9   Thumb Code    12  gtim.o(.text.TIM5_IRQHandler)
    TIM6_IRQHandler                          0x080021b5   Thumb Code    48  btim.o(.text.TIM6_IRQHandler)
    TIM7_IRQHandler                          0x080021f9   Thumb Code    48  btim.o(.text.TIM7_IRQHandler)
    TIM8_CC_IRQHandler                       0x0800223d   Thumb Code   392  atim.o(.text.TIM8_CC_IRQHandler)
    TIM8_UP_IRQHandler                       0x080023c5   Thumb Code   110  atim.o(.text.TIM8_UP_IRQHandler)
    USART1_IRQHandler                        0x080024bd   Thumb Code    30  usart.o(.text.USART1_IRQHandler)
    UsageFault_Handler                       0x080024dd   Thumb Code     2  stm32f1xx_it.o(.text.UsageFault_Handler)
    WWDG_IRQHandler                          0x080024e1   Thumb Code    12  wdg.o(.text.WWDG_IRQHandler)
    _sys_exit                                0x080024ed   Thumb Code     2  usart.o(.text._sys_exit)
    beep_init                                0x080024f1   Thumb Code    78  beep.o(.text.beep_init)
    delay_init                               0x08002541   Thumb Code    12  delay.o(.text.delay_init)
    delay_ms                                 0x0800254d   Thumb Code    66  delay.o(.text.delay_ms)
    delay_us                                 0x08002591   Thumb Code    58  delay.o(.text.delay_us)
    fputc                                    0x080025cd   Thumb Code    20  usart.o(.text.fputc)
    key_init                                 0x080025e1   Thumb Code   150  key.o(.text.key_init)
    lcd_clear                                0x08002679   Thumb Code    54  lcd.o(.text.lcd_clear)
    lcd_ex_ili9341_reginit                   0x080026b1   Thumb Code  1828  lcd.o(.text.lcd_ex_ili9341_reginit)
    lcd_ex_ili9806_reginit                   0x08002dd5   Thumb Code  2674  lcd.o(.text.lcd_ex_ili9806_reginit)
    lcd_ex_nt35310_reginit                   0x08003849   Thumb Code 12068  lcd.o(.text.lcd_ex_nt35310_reginit)
    lcd_ex_nt35510_reginit                   0x0800676d   Thumb Code  3502  lcd.o(.text.lcd_ex_nt35510_reginit)
    lcd_ex_ssd1963_reginit                   0x0800751d   Thumb Code  1126  lcd.o(.text.lcd_ex_ssd1963_reginit)
    lcd_ex_st7789_reginit                    0x08007985   Thumb Code  1406  lcd.o(.text.lcd_ex_st7789_reginit)
    lcd_ex_st7796_reginit                    0x08007f05   Thumb Code  1500  lcd.o(.text.lcd_ex_st7796_reginit)
    lcd_init                                 0x080084e1   Thumb Code  1506  lcd.o(.text.lcd_init)
    lcd_scan_dir                             0x08008ac5   Thumb Code   736  lcd.o(.text.lcd_scan_dir)
    lcd_set_cursor                           0x08008dad   Thumb Code   648  lcd.o(.text.lcd_set_cursor)
    led_init                                 0x08009035   Thumb Code   118  led.o(.text.led_init)
    main                                     0x080090ad   Thumb Code   136  main.o(.text.main)
    my_lcd_show_image                        0x08009141   Thumb Code   122  lcd.o(.text.my_lcd_show_image)
    rtc_get_time                             0x080091bd   Thumb Code   496  rtc.o(.text.rtc_get_time)
    rtc_init                                 0x080093b9   Thumb Code   282  rtc.o(.text.rtc_init)
    rtc_set_alarm                            0x080094d5   Thumb Code   244  rtc.o(.text.rtc_set_alarm)
    sys_intx_disable                         0x080095c9   Thumb Code     4  sys.o(.text.sys_intx_disable)
    sys_intx_enable                          0x080095cd   Thumb Code     4  sys.o(.text.sys_intx_enable)
    sys_stm32_clock_init                     0x080095d1   Thumb Code    90  sys.o(.text.sys_stm32_clock_init)
    usart_init                               0x0800962d   Thumb Code    62  usart.o(.text.usart_init)
    _is_digit                                0x0800966b   Thumb Code    14  __printf_wp.o(i._is_digit)
    AHBPrescTable                            0x080096c2   Data          16  system_stm32f1xx.o(.rodata.AHBPrescTable)
    APBPrescTable                            0x080096d2   Data           8  system_stm32f1xx.o(.rodata.APBPrescTable)
    gImage_MutsumiSaki320_426                0x080096ea   Data       272640  lcd_image_data.o(.rodata.gImage_MutsumiSaki320_426)
    Region$$Table$$Base                      0x0804bfec   Number         0  anon$$obj.o(Region$$Table)
    Region$$Table$$Limit                     0x0804c00c   Number         0  anon$$obj.o(Region$$Table)
    __ARM_use_no_argv                        0x20000000   Data           4  main.o(.ARM.use_no_argv)
    SystemCoreClock                          0x20000004   Data           4  system_stm32f1xx.o(.data.SystemCoreClock)
    g_point_color                            0x20000008   Data           4  lcd.o(.data.g_point_color)
    uwTickFreq                               0x2000000c   Data           1  stm32f1xx_hal.o(.data.uwTickFreq)
    uwTickPrio                               0x20000010   Data           4  stm32f1xx_hal.o(.data.uwTickPrio)
    __libspace_start                         0x20000018   Data          96  libspace.o(.bss)
    MY_USART_EXTI_NUM                        0x20000078   Data           4  usart.o(.bss.MY_USART_EXTI_NUM)
    __temporary_stack_top$libspace           0x20000078   Data           0  libspace.o(.bss)
    __stdout                                 0x2000007c   Data          84  usart.o(.bss.__stdout)
    calendar                                 0x200000d2   Data          10  rtc.o(.bss.calendar)
    exit_bool                                0x200000dc   Data           4  exti.o(.bss.exit_bool)
    g_back_color                             0x200000e0   Data           4  lcd.o(.bss.g_back_color)
    g_dma_handle                             0x200000e4   Data          68  dma.o(.bss.g_dma_handle)
    g_rtc_handle                             0x20000130   Data          20  rtc.o(.bss.g_rtc_handle)
    g_rx_buffer                              0x20000144   Data           1  usart.o(.bss.g_rx_buffer)
    g_sram_handle                            0x20000148   Data          72  lcd.o(.bss.g_sram_handle)
    g_tim2_handle                            0x20000190   Data          72  gtim.o(.bss.g_tim2_handle)
    g_tim3_handle                            0x200001d8   Data          72  gtim.o(.bss.g_tim3_handle)
    g_tim6_handle                            0x20000220   Data          72  btim.o(.bss.g_tim6_handle)
    g_tim7_handle                            0x20000268   Data          72  btim.o(.bss.g_tim7_handle)
    g_timx_cap_chy_handle                    0x200002b0   Data          72  gtim.o(.bss.g_timx_cap_chy_handle)
    g_timx_npwm_chy_handle                   0x200002f8   Data          72  atim.o(.bss.g_timx_npwm_chy_handle)
    g_timx_pwmin_chy_handle                  0x20000340   Data          72  atim.o(.bss.g_timx_pwmin_chy_handle)
    g_timxchy_cap_sta                        0x20000388   Data           1  gtim.o(.bss.g_timxchy_cap_sta)
    g_timxchy_cap_val                        0x2000038a   Data           2  gtim.o(.bss.g_timxchy_cap_val)
    g_timxchy_pwmin_cval                     0x2000038c   Data           4  atim.o(.bss.g_timxchy_pwmin_cval)
    g_timxchy_pwmin_hval                     0x20000390   Data           4  atim.o(.bss.g_timxchy_pwmin_hval)
    g_timxchy_pwmin_psc                      0x20000394   Data           2  atim.o(.bss.g_timxchy_pwmin_psc)
    g_timxchy_pwmin_sta                      0x20000396   Data           1  atim.o(.bss.g_timxchy_pwmin_sta)
    g_uart1_handle                           0x20000398   Data          64  usart.o(.bss.g_uart1_handle)
    g_usart_rx_buf                           0x200003d8   Data         200  usart.o(.bss.g_usart_rx_buf)
    g_usart_rx_sta                           0x200004a0   Data           2  usart.o(.bss.g_usart_rx_sta)
    g_wwdg_handle                            0x200004a4   Data          20  wdg.o(.bss.g_wwdg_handle)
    lcddev                                   0x200004b8   Data          14  lcd.o(.bss.lcddev)
    uwTick                                   0x200004c8   Data           4  stm32f1xx_hal.o(.bss.uwTick)



==============================================================================

Memory Map of the image

  Image Entry point : 0x08000131

  Load Region LR_IROM1 (Base: 0x08000000, Size: 0x0004c028, Max: 0x00080000, ABSOLUTE)

    Execution Region ER_IROM1 (Exec base: 0x08000000, Load base: 0x08000000, Size: 0x0004c00c, Max: 0x00080000, ABSOLUTE)

    Exec Addr    Load Addr    Size         Type   Attr      Idx    E Section Name        Object

    0x08000000   0x08000000   0x00000130   Data   RO            3    RESET               startup_stm32f103xe.o
    0x08000130   0x08000130   0x00000008   Code   RO         1675  * !!!main             c_w.l(__main.o)
    0x08000138   0x08000138   0x0000005c   Code   RO         2073    !!!scatter          c_w.l(__scatter.o)
    0x08000194   0x08000194   0x0000001a   Code   RO         2077    !!handler_copy      c_w.l(__scatter_copy.o)
    0x080001ae   0x080001ae   0x00000002   PAD
    0x080001b0   0x080001b0   0x00000002   Code   RO         2074    !!handler_null      c_w.l(__scatter.o)
    0x080001b2   0x080001b2   0x00000002   PAD
    0x080001b4   0x080001b4   0x0000001c   Code   RO         2079    !!handler_zi        c_w.l(__scatter_zi.o)
    0x080001d0   0x080001d0   0x00000000   Code   RO         1657    .ARM.Collect$$_printf_percent$$00000000  c_w.l(_printf_percent.o)
    0x080001d0   0x080001d0   0x00000006   Code   RO         1655    .ARM.Collect$$_printf_percent$$0000000C  c_w.l(_printf_x.o)
    0x080001d6   0x080001d6   0x00000004   Code   RO         1773    .ARM.Collect$$_printf_percent$$00000017  c_w.l(_printf_percent_end.o)
    0x080001da   0x080001da   0x00000002   Code   RO         1995    .ARM.Collect$$libinit$$00000000  c_w.l(libinit.o)
    0x080001dc   0x080001dc   0x00000000   Code   RO         1786    .ARM.Collect$$libinit$$00000002  c_w.l(libinit2.o)
    0x080001dc   0x080001dc   0x00000000   Code   RO         1788    .ARM.Collect$$libinit$$00000004  c_w.l(libinit2.o)
    0x080001dc   0x080001dc   0x00000000   Code   RO         1790    .ARM.Collect$$libinit$$00000006  c_w.l(libinit2.o)
    0x080001dc   0x080001dc   0x00000000   Code   RO         1793    .ARM.Collect$$libinit$$0000000C  c_w.l(libinit2.o)
    0x080001dc   0x080001dc   0x00000000   Code   RO         1795    .ARM.Collect$$libinit$$0000000E  c_w.l(libinit2.o)
    0x080001dc   0x080001dc   0x00000000   Code   RO         1797    .ARM.Collect$$libinit$$00000010  c_w.l(libinit2.o)
    0x080001dc   0x080001dc   0x00000000   Code   RO         1800    .ARM.Collect$$libinit$$00000013  c_w.l(libinit2.o)
    0x080001dc   0x080001dc   0x00000000   Code   RO         1802    .ARM.Collect$$libinit$$00000015  c_w.l(libinit2.o)
    0x080001dc   0x080001dc   0x00000000   Code   RO         1804    .ARM.Collect$$libinit$$00000017  c_w.l(libinit2.o)
    0x080001dc   0x080001dc   0x00000000   Code   RO         1806    .ARM.Collect$$libinit$$00000019  c_w.l(libinit2.o)
    0x080001dc   0x080001dc   0x00000000   Code   RO         1808    .ARM.Collect$$libinit$$0000001B  c_w.l(libinit2.o)
    0x080001dc   0x080001dc   0x00000000   Code   RO         1810    .ARM.Collect$$libinit$$0000001D  c_w.l(libinit2.o)
    0x080001dc   0x080001dc   0x00000000   Code   RO         1812    .ARM.Collect$$libinit$$0000001F  c_w.l(libinit2.o)
    0x080001dc   0x080001dc   0x00000000   Code   RO         1814    .ARM.Collect$$libinit$$00000021  c_w.l(libinit2.o)
    0x080001dc   0x080001dc   0x00000000   Code   RO         1816    .ARM.Collect$$libinit$$00000023  c_w.l(libinit2.o)
    0x080001dc   0x080001dc   0x00000000   Code   RO         1818    .ARM.Collect$$libinit$$00000025  c_w.l(libinit2.o)
    0x080001dc   0x080001dc   0x00000000   Code   RO         1820    .ARM.Collect$$libinit$$00000027  c_w.l(libinit2.o)
    0x080001dc   0x080001dc   0x00000000   Code   RO         1824    .ARM.Collect$$libinit$$0000002E  c_w.l(libinit2.o)
    0x080001dc   0x080001dc   0x00000000   Code   RO         1826    .ARM.Collect$$libinit$$00000030  c_w.l(libinit2.o)
    0x080001dc   0x080001dc   0x00000000   Code   RO         1828    .ARM.Collect$$libinit$$00000032  c_w.l(libinit2.o)
    0x080001dc   0x080001dc   0x00000000   Code   RO         1830    .ARM.Collect$$libinit$$00000034  c_w.l(libinit2.o)
    0x080001dc   0x080001dc   0x00000002   Code   RO         1831    .ARM.Collect$$libinit$$00000035  c_w.l(libinit2.o)
    0x080001de   0x080001de   0x00000002   Code   RO         2036    .ARM.Collect$$libshutdown$$00000000  c_w.l(libshutdown.o)
    0x080001e0   0x080001e0   0x00000000   Code   RO         2040    .ARM.Collect$$libshutdown$$00000002  c_w.l(libshutdown2.o)
    0x080001e0   0x080001e0   0x00000000   Code   RO         2042    .ARM.Collect$$libshutdown$$00000004  c_w.l(libshutdown2.o)
    0x080001e0   0x080001e0   0x00000000   Code   RO         2045    .ARM.Collect$$libshutdown$$00000007  c_w.l(libshutdown2.o)
    0x080001e0   0x080001e0   0x00000000   Code   RO         2048    .ARM.Collect$$libshutdown$$0000000A  c_w.l(libshutdown2.o)
    0x080001e0   0x080001e0   0x00000000   Code   RO         2050    .ARM.Collect$$libshutdown$$0000000C  c_w.l(libshutdown2.o)
    0x080001e0   0x080001e0   0x00000000   Code   RO         2053    .ARM.Collect$$libshutdown$$0000000F  c_w.l(libshutdown2.o)
    0x080001e0   0x080001e0   0x00000002   Code   RO         2054    .ARM.Collect$$libshutdown$$00000010  c_w.l(libshutdown2.o)
    0x080001e2   0x080001e2   0x00000000   Code   RO         1735    .ARM.Collect$$rtentry$$00000000  c_w.l(__rtentry.o)
    0x080001e2   0x080001e2   0x00000000   Code   RO         1888    .ARM.Collect$$rtentry$$00000002  c_w.l(__rtentry2.o)
    0x080001e2   0x080001e2   0x00000006   Code   RO         1900    .ARM.Collect$$rtentry$$00000004  c_w.l(__rtentry4.o)
    0x080001e8   0x080001e8   0x00000000   Code   RO         1890    .ARM.Collect$$rtentry$$00000009  c_w.l(__rtentry2.o)
    0x080001e8   0x080001e8   0x00000004   Code   RO         1891    .ARM.Collect$$rtentry$$0000000A  c_w.l(__rtentry2.o)
    0x080001ec   0x080001ec   0x00000000   Code   RO         1893    .ARM.Collect$$rtentry$$0000000C  c_w.l(__rtentry2.o)
    0x080001ec   0x080001ec   0x00000008   Code   RO         1894    .ARM.Collect$$rtentry$$0000000D  c_w.l(__rtentry2.o)
    0x080001f4   0x080001f4   0x00000002   Code   RO         2000    .ARM.Collect$$rtexit$$00000000  c_w.l(rtexit.o)
    0x080001f6   0x080001f6   0x00000000   Code   RO         2016    .ARM.Collect$$rtexit$$00000002  c_w.l(rtexit2.o)
    0x080001f6   0x080001f6   0x00000004   Code   RO         2017    .ARM.Collect$$rtexit$$00000003  c_w.l(rtexit2.o)
    0x080001fa   0x080001fa   0x00000006   Code   RO         2018    .ARM.Collect$$rtexit$$00000004  c_w.l(rtexit2.o)
    0x08000200   0x08000200   0x00000040   Code   RO            4    .text               startup_stm32f103xe.o
    0x08000240   0x08000240   0x00000002   Code   RO         1593    .text               c_w.l(use_no_semi_2.o)
    0x08000242   0x08000242   0x00000002   PAD
    0x08000244   0x08000244   0x0000002c   Code   RO         1599    .text               c_w.l(__2sprintf.o)
    0x08000270   0x08000270   0x0000004e   Code   RO         1607    .text               c_w.l(_printf_pad.o)
    0x080002be   0x080002be   0x00000002   PAD
    0x080002c0   0x080002c0   0x00000094   Code   RO         1631    .text               c_w.l(_printf_hex_int_ll_ptr.o)
    0x08000354   0x08000354   0x00000188   Code   RO         1651    .text               c_w.l(__printf_flags_ss_wp.o)
    0x080004dc   0x080004dc   0x0000002c   Code   RO         1658    .text               c_w.l(puts.o)
    0x08000508   0x08000508   0x0000004e   Code   RO         1669    .text               c_w.l(rt_memclr_w.o)
    0x08000556   0x08000556   0x00000006   Code   RO         1673    .text               c_w.l(heapauxi.o)
    0x0800055c   0x0800055c   0x00000002   Code   RO         1733    .text               c_w.l(use_no_semi.o)
    0x0800055e   0x0800055e   0x000000b2   Code   RO         1740    .text               c_w.l(_printf_intcommon.o)
    0x08000610   0x08000610   0x00000030   Code   RO         1744    .text               c_w.l(_printf_char_common.o)
    0x08000640   0x08000640   0x0000000a   Code   RO         1746    .text               c_w.l(_sputc.o)
    0x0800064a   0x0800064a   0x00000002   PAD
    0x0800064c   0x0800064c   0x00000008   Code   RO         1940    .text               c_w.l(libspace.o)
    0x08000654   0x08000654   0x0000004a   Code   RO         1943    .text               c_w.l(sys_stackheap_outer.o)
    0x0800069e   0x0800069e   0x00000012   Code   RO         1984    .text               c_w.l(exit.o)
    0x080006b0   0x080006b0   0x00000002   Code   RO           17    .text.BusFault_Handler  stm32f1xx_it.o
    0x080006b2   0x080006b2   0x00000002   PAD
    0x080006b4   0x080006b4   0x00000020   Code   RO         1454    .text.DMA1_Channel4_IRQHandler  dma.o
    0x080006d4   0x080006d4   0x00000002   Code   RO           23    .text.DebugMon_Handler  stm32f1xx_it.o
    0x080006d6   0x080006d6   0x00000002   PAD
    0x080006d8   0x080006d8   0x0000003a   Code   RO         1138    .text.EXTI0_IRQHandler  exti.o
    0x08000712   0x08000712   0x00000002   PAD
    0x08000714   0x08000714   0x00000044   Code   RO         1136    .text.EXTI3_IRQHandler  exti.o
    0x08000758   0x08000758   0x0000004c   Code   RO         1134    .text.EXTI4_IRQHandler  exti.o
    0x080007a4   0x080007a4   0x00000048   Code   RO         1086    .text.FSMC_NORSRAM_Extended_Timing_Init  stm32f1xx_ll_fsmc.o
    0x080007ec   0x080007ec   0x00000086   Code   RO         1080    .text.FSMC_NORSRAM_Init  stm32f1xx_ll_fsmc.o
    0x08000872   0x08000872   0x00000002   PAD
    0x08000874   0x08000874   0x00000044   Code   RO         1084    .text.FSMC_NORSRAM_Timing_Init  stm32f1xx_ll_fsmc.o
    0x080008b8   0x080008b8   0x00000120   Code   RO          252    .text.HAL_DMA_Abort_IT  stm32f1xx_hal_dma.o
    0x080009d8   0x080009d8   0x00000276   Code   RO          256    .text.HAL_DMA_IRQHandler  stm32f1xx_hal_dma.o
    0x08000c4e   0x08000c4e   0x00000002   PAD
    0x08000c50   0x08000c50   0x00000002   Code   RO         1140    .text.HAL_GPIO_EXTI_Callback  exti.o
    0x08000c52   0x08000c52   0x00000002   PAD
    0x08000c54   0x08000c54   0x00000016   Code   RO          286    .text.HAL_GPIO_EXTI_IRQHandler  stm32f1xx_hal_gpio.o
    0x08000c6a   0x08000c6a   0x00000002   PAD
    0x08000c6c   0x08000c6c   0x000001da   Code   RO          274    .text.HAL_GPIO_Init  stm32f1xx_hal_gpio.o
    0x08000e46   0x08000e46   0x00000002   PAD
    0x08000e48   0x08000e48   0x0000000a   Code   RO          278    .text.HAL_GPIO_ReadPin  stm32f1xx_hal_gpio.o
    0x08000e52   0x08000e52   0x00000002   PAD
    0x08000e54   0x08000e54   0x00000010   Code   RO          282    .text.HAL_GPIO_TogglePin  stm32f1xx_hal_gpio.o
    0x08000e64   0x08000e64   0x0000000a   Code   RO          280    .text.HAL_GPIO_WritePin  stm32f1xx_hal_gpio.o
    0x08000e6e   0x08000e6e   0x00000002   PAD
    0x08000e70   0x08000e70   0x0000000c   Code   RO          153    .text.HAL_GetTick   stm32f1xx_hal.o
    0x08000e7c   0x08000e7c   0x0000001a   Code   RO          151    .text.HAL_IncTick   stm32f1xx_hal.o
    0x08000e96   0x08000e96   0x00000002   PAD
    0x08000e98   0x08000e98   0x00000026   Code   RO          141    .text.HAL_Init      stm32f1xx_hal.o
    0x08000ebe   0x08000ebe   0x00000002   PAD
    0x08000ec0   0x08000ec0   0x00000050   Code   RO          143    .text.HAL_InitTick  stm32f1xx_hal.o
    0x08000f10   0x08000f10   0x00000002   Code   RO          145    .text.HAL_MspInit   stm32f1xx_hal.o
    0x08000f12   0x08000f12   0x00000002   PAD
    0x08000f14   0x08000f14   0x00000022   Code   RO          206    .text.HAL_NVIC_EnableIRQ  stm32f1xx_hal_cortex.o
    0x08000f36   0x08000f36   0x00000002   PAD
    0x08000f38   0x08000f38   0x00000056   Code   RO          204    .text.HAL_NVIC_SetPriority  stm32f1xx_hal_cortex.o
    0x08000f8e   0x08000f8e   0x00000002   PAD
    0x08000f90   0x08000f90   0x00000020   Code   RO          202    .text.HAL_NVIC_SetPriorityGrouping  stm32f1xx_hal_cortex.o
    0x08000fb0   0x08000fb0   0x0000000c   Code   RO          990    .text.HAL_PWR_EnableBkUpAccess  stm32f1xx_hal_pwr.o
    0x08000fbc   0x08000fbc   0x00000110   Code   RO          354    .text.HAL_RCCEx_GetPeriphCLKFreq  stm32f1xx_hal_rcc_ex.o
    0x080010cc   0x080010cc   0x000000fe   Code   RO          350    .text.HAL_RCCEx_PeriphCLKConfig  stm32f1xx_hal_rcc_ex.o
    0x080011ca   0x080011ca   0x00000002   PAD
    0x080011cc   0x080011cc   0x000001b2   Code   RO          316    .text.HAL_RCC_ClockConfig  stm32f1xx_hal_rcc.o
    0x0800137e   0x0800137e   0x00000002   PAD
    0x08001380   0x08001380   0x00000026   Code   RO          328    .text.HAL_RCC_GetPCLK1Freq  stm32f1xx_hal_rcc.o
    0x080013a6   0x080013a6   0x00000002   PAD
    0x080013a8   0x080013a8   0x00000026   Code   RO          330    .text.HAL_RCC_GetPCLK2Freq  stm32f1xx_hal_rcc.o
    0x080013ce   0x080013ce   0x00000002   PAD
    0x080013d0   0x080013d0   0x00000056   Code   RO          318    .text.HAL_RCC_GetSysClockFreq  stm32f1xx_hal_rcc.o
    0x08001426   0x08001426   0x00000002   PAD
    0x08001428   0x08001428   0x00000338   Code   RO          314    .text.HAL_RCC_OscConfig  stm32f1xx_hal_rcc.o
    0x08001760   0x08001760   0x00000010   Code   RO          975    .text.HAL_RTCEx_BKUPRead  stm32f1xx_hal_rtc_ex.o
    0x08001770   0x08001770   0x00000010   Code   RO          973    .text.HAL_RTCEx_BKUPWrite  stm32f1xx_hal_rtc_ex.o
    0x08001780   0x08001780   0x0000010e   Code   RO          903    .text.HAL_RTC_Init  stm32f1xx_hal_rtc.o
    0x0800188e   0x0800188e   0x00000002   PAD
    0x08001890   0x08001890   0x00000080   Code   RO         1425    .text.HAL_RTC_MspInit  rtc.o
    0x08001910   0x08001910   0x0000006c   Code   RO         1032    .text.HAL_SRAM_Init  stm32f1xx_hal_sram.o
    0x0800197c   0x0800197c   0x00000080   Code   RO         1506    .text.HAL_SRAM_MspInit  lcd.o
    0x080019fc   0x080019fc   0x0000002c   Code   RO          214    .text.HAL_SYSTICK_Config  stm32f1xx_hal_cortex.o
    0x08001a28   0x08001a28   0x00000002   Code   RO          889    .text.HAL_TIMEx_BreakCallback  stm32f1xx_hal_tim_ex.o
    0x08001a2a   0x08001a2a   0x00000002   PAD
    0x08001a2c   0x08001a2c   0x00000002   Code   RO          885    .text.HAL_TIMEx_CommutCallback  stm32f1xx_hal_tim_ex.o
    0x08001a2e   0x08001a2e   0x00000002   PAD
    0x08001a30   0x08001a30   0x00000024   Code   RO          758    .text.HAL_TIM_GenerateEvent  stm32f1xx_hal_tim.o
    0x08001a54   0x08001a54   0x00000088   Code   RO         1244    .text.HAL_TIM_IC_CaptureCallback  gtim.o
    0x08001adc   0x08001adc   0x0000016a   Code   RO          718    .text.HAL_TIM_IRQHandler  stm32f1xx_hal_tim.o
    0x08001c46   0x08001c46   0x00000002   PAD
    0x08001c48   0x08001c48   0x00000002   Code   RO          722    .text.HAL_TIM_OC_DelayElapsedCallback  stm32f1xx_hal_tim.o
    0x08001c4a   0x08001c4a   0x00000002   PAD
    0x08001c4c   0x08001c4c   0x00000002   Code   RO          724    .text.HAL_TIM_PWM_PulseFinishedCallback  stm32f1xx_hal_tim.o
    0x08001c4e   0x08001c4e   0x00000002   PAD
    0x08001c50   0x08001c50   0x0000005c   Code   RO         1246    .text.HAL_TIM_PeriodElapsedCallback  gtim.o
    0x08001cac   0x08001cac   0x00000016   Code   RO          774    .text.HAL_TIM_ReadCapturedValue  stm32f1xx_hal_tim.o
    0x08001cc2   0x08001cc2   0x00000002   PAD
    0x08001cc4   0x08001cc4   0x00000002   Code   RO          728    .text.HAL_TIM_TriggerCallback  stm32f1xx_hal_tim.o
    0x08001cc6   0x08001cc6   0x00000002   PAD
    0x08001cc8   0x08001cc8   0x00000002   Code   RO          438    .text.HAL_UART_ErrorCallback  stm32f1xx_hal_uart.o
    0x08001cca   0x08001cca   0x00000002   PAD
    0x08001ccc   0x08001ccc   0x00000182   Code   RO          432    .text.HAL_UART_IRQHandler  stm32f1xx_hal_uart.o
    0x08001e4e   0x08001e4e   0x00000002   PAD
    0x08001e50   0x08001e50   0x000000de   Code   RO          364    .text.HAL_UART_Init  stm32f1xx_hal_uart.o
    0x08001f2e   0x08001f2e   0x00000002   PAD
    0x08001f30   0x08001f30   0x0000009a   Code   RO          116    .text.HAL_UART_MspInit  usart.o
    0x08001fca   0x08001fca   0x00000002   PAD
    0x08001fcc   0x08001fcc   0x00000054   Code   RO          384    .text.HAL_UART_Receive_IT  stm32f1xx_hal_uart.o
    0x08002020   0x08002020   0x0000007a   Code   RO          118    .text.HAL_UART_RxCpltCallback  usart.o
    0x0800209a   0x0800209a   0x00000002   PAD
    0x0800209c   0x0800209c   0x00000002   Code   RO          440    .text.HAL_UART_TxCpltCallback  stm32f1xx_hal_uart.o
    0x0800209e   0x0800209e   0x00000002   PAD
    0x080020a0   0x080020a0   0x00000022   Code   RO         1189    .text.HAL_WWDG_EarlyWakeupCallback  wdg.o
    0x080020c2   0x080020c2   0x00000002   PAD
    0x080020c4   0x080020c4   0x0000001c   Code   RO          572    .text.HAL_WWDG_IRQHandler  stm32f1xx_hal_wwdg.o
    0x080020e0   0x080020e0   0x0000000a   Code   RO          570    .text.HAL_WWDG_Refresh  stm32f1xx_hal_wwdg.o
    0x080020ea   0x080020ea   0x00000002   PAD
    0x080020ec   0x080020ec   0x00000002   Code   RO           13    .text.HardFault_Handler  stm32f1xx_it.o
    0x080020ee   0x080020ee   0x00000002   PAD
    0x080020f0   0x080020f0   0x00000002   Code   RO           15    .text.MemManage_Handler  stm32f1xx_it.o
    0x080020f2   0x080020f2   0x00000002   PAD
    0x080020f4   0x080020f4   0x00000002   Code   RO           11    .text.NMI_Handler   stm32f1xx_it.o
    0x080020f6   0x080020f6   0x00000002   PAD
    0x080020f8   0x080020f8   0x00000002   Code   RO           25    .text.PendSV_Handler  stm32f1xx_it.o
    0x080020fa   0x080020fa   0x00000002   PAD
    0x080020fc   0x080020fc   0x00000062   Code   RO         1427    .text.RTC_IRQHandler  rtc.o
    0x0800215e   0x0800215e   0x00000002   PAD
    0x08002160   0x08002160   0x00000002   Code   RO           21    .text.SVC_Handler   stm32f1xx_it.o
    0x08002162   0x08002162   0x00000002   PAD
    0x08002164   0x08002164   0x00000004   Code   RO           27    .text.SysTick_Handler  stm32f1xx_it.o
    0x08002168   0x08002168   0x00000002   Code   RO           48    .text.SystemInit    system_stm32f1xx.o
    0x0800216a   0x0800216a   0x00000002   PAD
    0x0800216c   0x0800216c   0x0000002c   Code   RO         1232    .text.TIM2_IRQHandler  gtim.o
    0x08002198   0x08002198   0x0000000e   Code   RO         1230    .text.TIM3_IRQHandler  gtim.o
    0x080021a6   0x080021a6   0x00000002   PAD
    0x080021a8   0x080021a8   0x0000000c   Code   RO         1242    .text.TIM5_IRQHandler  gtim.o
    0x080021b4   0x080021b4   0x00000044   Code   RO         1212    .text.TIM6_IRQHandler  btim.o
    0x080021f8   0x080021f8   0x00000044   Code   RO         1214    .text.TIM7_IRQHandler  btim.o
    0x0800223c   0x0800223c   0x00000188   Code   RO         1280    .text.TIM8_CC_IRQHandler  atim.o
    0x080023c4   0x080023c4   0x0000006e   Code   RO         1266    .text.TIM8_UP_IRQHandler  atim.o
    0x08002432   0x08002432   0x00000002   PAD
    0x08002434   0x08002434   0x0000000c   Code   RO          436    .text.UART_DMAAbortOnError  stm32f1xx_hal_uart.o
    0x08002440   0x08002440   0x0000007c   Code   RO          434    .text.UART_Receive_IT  stm32f1xx_hal_uart.o
    0x080024bc   0x080024bc   0x0000001e   Code   RO          120    .text.USART1_IRQHandler  usart.o
    0x080024da   0x080024da   0x00000002   PAD
    0x080024dc   0x080024dc   0x00000002   Code   RO           19    .text.UsageFault_Handler  stm32f1xx_it.o
    0x080024de   0x080024de   0x00000002   PAD
    0x080024e0   0x080024e0   0x0000000c   Code   RO         1187    .text.WWDG_IRQHandler  wdg.o
    0x080024ec   0x080024ec   0x00000002   Code   RO          108    .text._sys_exit     usart.o
    0x080024ee   0x080024ee   0x00000002   PAD
    0x080024f0   0x080024f0   0x0000004e   Code   RO         1124    .text.beep_init     beep.o
    0x0800253e   0x0800253e   0x00000002   PAD
    0x08002540   0x08002540   0x0000000c   Code   RO           63    .text.delay_init    delay.o
    0x0800254c   0x0800254c   0x00000042   Code   RO           67    .text.delay_ms      delay.o
    0x0800258e   0x0800258e   0x00000002   PAD
    0x08002590   0x08002590   0x0000003a   Code   RO           65    .text.delay_us      delay.o
    0x080025ca   0x080025ca   0x00000002   PAD
    0x080025cc   0x080025cc   0x00000014   Code   RO          112    .text.fputc         usart.o
    0x080025e0   0x080025e0   0x00000096   Code   RO         1152    .text.key_init      key.o
    0x08002676   0x08002676   0x00000002   PAD
    0x08002678   0x08002678   0x00000036   Code   RO         1510    .text.lcd_clear     lcd.o
    0x080026ae   0x080026ae   0x00000002   PAD
    0x080026b0   0x080026b0   0x00000724   Code   RO         1472    .text.lcd_ex_ili9341_reginit  lcd.o
    0x08002dd4   0x08002dd4   0x00000a72   Code   RO         1482    .text.lcd_ex_ili9806_reginit  lcd.o
    0x08003846   0x08003846   0x00000002   PAD
    0x08003848   0x08003848   0x00002f24   Code   RO         1474    .text.lcd_ex_nt35310_reginit  lcd.o
    0x0800676c   0x0800676c   0x00000dae   Code   RO         1478    .text.lcd_ex_nt35510_reginit  lcd.o
    0x0800751a   0x0800751a   0x00000002   PAD
    0x0800751c   0x0800751c   0x00000466   Code   RO         1484    .text.lcd_ex_ssd1963_reginit  lcd.o
    0x08007982   0x08007982   0x00000002   PAD
    0x08007984   0x08007984   0x0000057e   Code   RO         1466    .text.lcd_ex_st7789_reginit  lcd.o
    0x08007f02   0x08007f02   0x00000002   PAD
    0x08007f04   0x08007f04   0x000005dc   Code   RO         1476    .text.lcd_ex_st7796_reginit  lcd.o
    0x080084e0   0x080084e0   0x000005e2   Code   RO         1508    .text.lcd_init      lcd.o
    0x08008ac2   0x08008ac2   0x00000002   PAD
    0x08008ac4   0x08008ac4   0x000002e8   Code   RO         1496    .text.lcd_scan_dir  lcd.o
    0x08008dac   0x08008dac   0x00000288   Code   RO         1490    .text.lcd_set_cursor  lcd.o
    0x08009034   0x08009034   0x00000076   Code   RO         1165    .text.led_init      led.o
    0x080090aa   0x080090aa   0x00000002   PAD
    0x080090ac   0x080090ac   0x00000094   Code   RO           36    .text.main          main.o
    0x08009140   0x08009140   0x0000007a   Code   RO         1542    .text.my_lcd_show_image  lcd.o
    0x080091ba   0x080091ba   0x00000002   PAD
    0x080091bc   0x080091bc   0x000001fc   Code   RO         1421    .text.rtc_get_time  rtc.o
    0x080093b8   0x080093b8   0x0000011a   Code   RO         1417    .text.rtc_init      rtc.o
    0x080094d2   0x080094d2   0x00000002   PAD
    0x080094d4   0x080094d4   0x000000f4   Code   RO         1423    .text.rtc_set_alarm  rtc.o
    0x080095c8   0x080095c8   0x00000004   Code   RO           84    .text.sys_intx_disable  sys.o
    0x080095cc   0x080095cc   0x00000004   Code   RO           86    .text.sys_intx_enable  sys.o
    0x080095d0   0x080095d0   0x0000005a   Code   RO           96    .text.sys_stm32_clock_init  sys.o
    0x0800962a   0x0800962a   0x00000002   PAD
    0x0800962c   0x0800962c   0x0000003e   Code   RO          114    .text.usart_init    usart.o
    0x0800966a   0x0800966a   0x0000000e   Code   RO         1644    i._is_digit         c_w.l(__printf_wp.o)
    0x08009678   0x08009678   0x00000028   Data   RO         1632    .constdata          c_w.l(_printf_hex_int_ll_ptr.o)
    0x080096a0   0x080096a0   0x00000011   Data   RO         1652    .constdata          c_w.l(__printf_flags_ss_wp.o)
    0x080096b1   0x080096b1   0x00000002   Data   RO          341    .rodata..L__const.HAL_RCC_GetSysClockFreq.aPredivFactorTable  stm32f1xx_hal_rcc.o
    0x080096b3   0x080096b3   0x00000001   PAD
    0x080096b4   0x080096b4   0x0000000e   Data   RO         1555    .rodata..Lswitch.table.lcd_scan_dir.1  lcd.o
    0x080096c2   0x080096c2   0x00000010   Data   RO           53    .rodata.AHBPrescTable  system_stm32f1xx.o
    0x080096d2   0x080096d2   0x00000008   Data   RO           54    .rodata.APBPrescTable  system_stm32f1xx.o
    0x080096da   0x080096da   0x00000010   Data   RO          340    .rodata.cst16       stm32f1xx_hal_rcc.o
    0x080096ea   0x080096ea   0x00042900   Data   RO         1586    .rodata.gImage_MutsumiSaki320_426  lcd_image_data.o
    0x0804bfea   0x0804bfea   0x00000002   PAD
    0x0804bfec   0x0804bfec   0x00000020   Data   RO         2072    Region$$Table       anon$$obj.o


    Execution Region RW_IRAM1 (Exec base: 0x20000000, Load base: 0x0804c010, Size: 0x00000ad0, Max: 0x00010000, ABSOLUTE)

    Exec Addr    Load Addr    Size         Type   Attr      Idx    E Section Name        Object

    0x20000000   0x0804c010   0x00000004   Data   RW           40    .ARM.use_no_argv    main.o
    0x20000004   0x0804c014   0x00000004   Data   RW           52    .data.SystemCoreClock  system_stm32f1xx.o
    0x20000008   0x0804c018   0x00000004   Data   RW         1551    .data.g_point_color  lcd.o
    0x2000000c   0x0804c01c   0x00000001   Data   RW          192    .data.uwTickFreq    stm32f1xx_hal.o
    0x2000000d   0x0804c01d   0x00000003   PAD
    0x20000010   0x0804c020   0x00000004   Data   RW          191    .data.uwTickPrio    stm32f1xx_hal.o
    0x20000014   0x0804c024   0x00000004   PAD
    0x20000018        -       0x00000060   Zero   RW         1941    .bss                c_w.l(libspace.o)
    0x20000078        -       0x00000004   Zero   RW          126    .bss.MY_USART_EXTI_NUM  usart.o
    0x2000007c        -       0x00000054   Zero   RW          132    .bss.__stdout       usart.o
    0x200000d0        -       0x00000001   Zero   RW         1292    .bss.atim_timx_pwmin_chy_process.sflag  atim.o
    0x200000d1   0x0804c024   0x00000001   PAD
    0x200000d2        -       0x0000000a   Zero   RW         1432    .bss.calendar       rtc.o
    0x200000dc        -       0x00000004   Zero   RW         1144    .bss.exit_bool      exti.o
    0x200000e0        -       0x00000004   Zero   RW         1552    .bss.g_back_color   lcd.o
    0x200000e4        -       0x00000044   Zero   RW         1456    .bss.g_dma_handle   dma.o
    0x20000128        -       0x00000004   Zero   RW           71    .bss.g_fac_us       delay.o
    0x2000012c        -       0x00000004   Zero   RW         1283    .bss.g_npwm_remain  atim.o
    0x20000130        -       0x00000014   Zero   RW         1431    .bss.g_rtc_handle   rtc.o
    0x20000144        -       0x00000001   Zero   RW          130    .bss.g_rx_buffer    usart.o
    0x20000145   0x0804c024   0x00000003   PAD
    0x20000148        -       0x00000048   Zero   RW         1554    .bss.g_sram_handle  lcd.o
    0x20000190        -       0x00000048   Zero   RW         1249    .bss.g_tim2_handle  gtim.o
    0x200001d8        -       0x00000048   Zero   RW         1248    .bss.g_tim3_handle  gtim.o
    0x20000220        -       0x00000048   Zero   RW         1216    .bss.g_tim6_handle  btim.o
    0x20000268        -       0x00000048   Zero   RW         1217    .bss.g_tim7_handle  btim.o
    0x200002b0        -       0x00000048   Zero   RW         1251    .bss.g_timx_cap_chy_handle  gtim.o
    0x200002f8        -       0x00000048   Zero   RW         1282    .bss.g_timx_npwm_chy_handle  atim.o
    0x20000340        -       0x00000048   Zero   RW         1291    .bss.g_timx_pwmin_chy_handle  atim.o
    0x20000388        -       0x00000001   Zero   RW         1252    .bss.g_timxchy_cap_sta  gtim.o
    0x20000389   0x0804c024   0x00000001   PAD
    0x2000038a        -       0x00000002   Zero   RW         1253    .bss.g_timxchy_cap_val  gtim.o
    0x2000038c        -       0x00000004   Zero   RW         1290    .bss.g_timxchy_pwmin_cval  atim.o
    0x20000390        -       0x00000004   Zero   RW         1289    .bss.g_timxchy_pwmin_hval  atim.o
    0x20000394        -       0x00000002   Zero   RW         1288    .bss.g_timxchy_pwmin_psc  atim.o
    0x20000396        -       0x00000001   Zero   RW         1287    .bss.g_timxchy_pwmin_sta  atim.o
    0x20000397   0x0804c024   0x00000001   PAD
    0x20000398        -       0x00000040   Zero   RW          129    .bss.g_uart1_handle  usart.o
    0x200003d8        -       0x000000c8   Zero   RW          131    .bss.g_usart_rx_buf  usart.o
    0x200004a0        -       0x00000002   Zero   RW          128    .bss.g_usart_rx_sta  usart.o
    0x200004a2   0x0804c024   0x00000002   PAD
    0x200004a4        -       0x00000014   Zero   RW         1196    .bss.g_wwdg_handle  wdg.o
    0x200004b8        -       0x0000000e   Zero   RW         1553    .bss.lcddev         lcd.o
    0x200004c6        -       0x00000002   Zero   RW         1433    .bss.rtc_get_time.daycnt  rtc.o
    0x200004c8        -       0x00000004   Zero   RW          193    .bss.uwTick         stm32f1xx_hal.o
    0x200004cc   0x0804c024   0x00000004   PAD
    0x200004d0        -       0x00000200   Zero   RW            2    HEAP                startup_stm32f103xe.o
    0x200006d0        -       0x00000400   Zero   RW            1    STACK               startup_stm32f103xe.o


==============================================================================

Image component sizes


      Code (inc. data)   RO Data    RW Data    ZI Data      Debug   Object Name

       502          0          0          0        160      10649   atim.o
        78          0          0          0          0       1442   beep.o
       136         40          0          0        144       6652   btim.o
       136          0          0          0          4       2494   delay.o
        32          8          0          0         68       6378   dma.o
       204          0          0          0          4       3821   exti.o
       298          0          0          0        219       9079   gtim.o
       150          0          0          0          0       2052   key.o
     27306          8         14          4         90     122823   lcd.o
         0          0     272640          0          0        450   lcd_image_data.o
       118          0          0          0          0       1477   led.o
       148         12          0          4          0       3542   main.o
      1260         12          0          0         32      10389   rtc.o
        64         26        304          0       1536        920   startup_stm32f103xe.o
       158          0          0          5          4       6088   stm32f1xx_hal.o
       196          0          0          0          0       8743   stm32f1xx_hal_cortex.o
       918          0          0          0          0       8198   stm32f1xx_hal_dma.o
       532         20          0          0          0       4638   stm32f1xx_hal_gpio.o
        12          0          0          0          0       4202   stm32f1xx_hal_pwr.o
      1420          0         18          0          0       7585   stm32f1xx_hal_rcc.o
       526         36          0          0          0       3752   stm32f1xx_hal_rcc_ex.o
       270          0          0          0          0      17339   stm32f1xx_hal_rtc.o
        32          0          0          0          0       6341   stm32f1xx_hal_rtc_ex.o
       108          0          0          0          0      10169   stm32f1xx_hal_sram.o
       426          0          0          0          0      53338   stm32f1xx_hal_tim.o
         4          0          0          0          0      20408   stm32f1xx_hal_tim_ex.o
       832          0          0          0          0      18965   stm32f1xx_hal_uart.o
        38          0          0          0          0       1998   stm32f1xx_hal_wwdg.o
        20          0          0          0          0       1142   stm32f1xx_it.o
       274          0          0          0          0       7521   stm32f1xx_ll_fsmc.o
        98          0          0          0          0       3704   sys.o
         2          0         24          4          0       1680   system_stm32f1xx.o
       390          0          0          0        355       7024   usart.o
        46          0          0          0         20       5759   wdg.o

    ----------------------------------------------------------------------
     36858        162     273035         20       2652     380762   Object Totals
         0          0         32          0          0          0   (incl. Generated)
       124          0          3          3         16          0   (incl. Padding)

    ----------------------------------------------------------------------

      Code (inc. data)   RO Data    RW Data    ZI Data      Debug   Library Member Name

        44          6          0          0          0         84   __2sprintf.o
         8          0          0          0          0         68   __main.o
       392          4         17          0          0         92   __printf_flags_ss_wp.o
        14          0          0          0          0         68   __printf_wp.o
         0          0          0          0          0          0   __rtentry.o
        12          0          0          0          0          0   __rtentry2.o
         6          0          0          0          0          0   __rtentry4.o
        94          8          0          0          0          0   __scatter.o
        26          0          0          0          0          0   __scatter_copy.o
        28          0          0          0          0          0   __scatter_zi.o
        48          6          0          0          0         96   _printf_char_common.o
       148          4         40          0          0        160   _printf_hex_int_ll_ptr.o
       178          0          0          0          0         88   _printf_intcommon.o
        78          0          0          0          0        108   _printf_pad.o
         0          0          0          0          0          0   _printf_percent.o
         4          0          0          0          0          0   _printf_percent_end.o
         6          0          0          0          0          0   _printf_x.o
        10          0          0          0          0         68   _sputc.o
        18          0          0          0          0         80   exit.o
         6          0          0          0          0        152   heapauxi.o
         2          0          0          0          0          0   libinit.o
         2          0          0          0          0          0   libinit2.o
         2          0          0          0          0          0   libshutdown.o
         2          0          0          0          0          0   libshutdown2.o
         8          4          0          0         96         68   libspace.o
        44          4          0          0          0         84   puts.o
        78          0          0          0          0         80   rt_memclr_w.o
         2          0          0          0          0          0   rtexit.o
        10          0          0          0          0          0   rtexit2.o
        74          0          0          0          0         80   sys_stackheap_outer.o
         2          0          0          0          0         68   use_no_semi.o
         2          0          0          0          0         68   use_no_semi_2.o

    ----------------------------------------------------------------------
      1358         36         57          0         96       1512   Library Totals
        10          0          0          0          0          0   (incl. Padding)

    ----------------------------------------------------------------------

      Code (inc. data)   RO Data    RW Data    ZI Data      Debug   Library Name

      1348         36         57          0         96       1512   c_w.l

    ----------------------------------------------------------------------
      1358         36         57          0         96       1512   Library Totals

    ----------------------------------------------------------------------

==============================================================================


      Code (inc. data)   RO Data    RW Data    ZI Data      Debug   

     38216        198     273092         20       2748     381094   Grand Totals
     38216        198     273092         20       2748     381094   ELF Image Totals
     38216        198     273092         20          0          0   ROM Totals

==============================================================================

    Total RO  Size (Code + RO Data)               311308 ( 304.01kB)
    Total RW  Size (RW Data + ZI Data)              2768 (   2.70kB)
    Total ROM Size (Code + RO Data + RW Data)     311328 ( 304.03kB)

==============================================================================

